
Running tests in #{"test"}

Testing futon2.aif.history-admission-test
[wm-phase] {:at "2026-09-21T03:51:04.393918290Z", :opportunity-id "wallclock-cron/2026-09-21T03:51:04.393814296Z/99cb28b7-4b0b-4766-b02d-83ffc143bbaa", :trigger :wallclock-cron, :phase :opportunity, :transition :start}
[wm-phase] {:at "2026-09-21T03:51:11.172995722Z", :opportunity-id "wallclock-cron/2026-09-21T03:51:04.393814296Z/99cb28b7-4b0b-4766-b02d-83ffc143bbaa", :trigger :wallclock-cron, :phase :agent-readiness, :transition :start}
[wm-phase] {:transition :end, :readiness/wake-result :not-needed, :readiness/wake-attempted false, :phase :agent-readiness, :outcome :ok, :duration-ms 1, :at "2026-09-21T03:51:11.173509173Z", :trigger :wallclock-cron, :opportunity-id "wallclock-cron/2026-09-21T03:51:04.393814296Z/99cb28b7-4b0b-4766-b02d-83ffc143bbaa"}
[wm-phase] {:at "2026-09-21T03:51:11.174751008Z", :opportunity-id "wallclock-cron/2026-09-21T03:51:04.393814296Z/99cb28b7-4b0b-4766-b02d-83ffc143bbaa", :trigger :wallclock-cron, :phase :code-state, :transition :start}
[wm-phase] {:at "2026-09-21T03:51:11.174964538Z", :opportunity-id "wallclock-cron/2026-09-21T03:51:04.393814296Z/99cb28b7-4b0b-4766-b02d-83ffc143bbaa", :trigger :wallclock-cron, :phase :code-state, :transition :end, :outcome :ok, :duration-ms 0}

FAIL in (poison-selection-proceeds-and-records-exclusion) (history_admission_test.clj:43)
tick proceeds beyond initialization, without an author dispatch
expected: (not= :initialization (get-in result [:data :failure-stage]))
  actual: (not (not= :initialization :initialization))

FAIL in (poison-selection-proceeds-and-records-exclusion) (history_admission_test.clj:45)
expected: (= 2 (:attempt-count state))
  actual: (not (= 2 1))
[wm-phase] {:at "2026-09-21T03:51:11.220887252Z", :opportunity-id "wallclock-cron/2026-09-21T03:51:11.220856304Z/8441567b-4515-4a27-b4fe-a17d0f9fa810", :trigger :wallclock-cron, :phase :opportunity, :transition :start}
[wm-phase] {:at "2026-09-21T03:51:18.487051045Z", :opportunity-id "wallclock-cron/2026-09-21T03:51:11.220856304Z/8441567b-4515-4a27-b4fe-a17d0f9fa810", :trigger :wallclock-cron, :phase :agent-readiness, :transition :start}
[wm-phase] {:transition :end, :readiness/wake-result :not-needed, :readiness/wake-attempted false, :phase :agent-readiness, :outcome :ok, :duration-ms 0, :at "2026-09-21T03:51:18.487433481Z", :trigger :wallclock-cron, :opportunity-id "wallclock-cron/2026-09-21T03:51:11.220856304Z/8441567b-4515-4a27-b4fe-a17d0f9fa810"}
[wm-phase] {:at "2026-09-21T03:51:18.487621624Z", :opportunity-id "wallclock-cron/2026-09-21T03:51:11.220856304Z/8441567b-4515-4a27-b4fe-a17d0f9fa810", :trigger :wallclock-cron, :phase :code-state, :transition :start}
[wm-phase] {:at "2026-09-21T03:51:18.487730828Z", :opportunity-id "wallclock-cron/2026-09-21T03:51:11.220856304Z/8441567b-4515-4a27-b4fe-a17d0f9fa810", :trigger :wallclock-cron, :phase :code-state, :transition :end, :outcome :ok, :duration-ms 0}

Ran 2 tests containing 21 assertions.
2 failures, 0 errors.
