=== contract-pin (cwd /home/joe/code/futon2): bb /home/joe/code/futon2/checks/contract_authority_current.clj --deposit 2026-09-04-010-accepted 
contract-authority-current --deposit: receipt holes/labs/wm-contract/runs/RE3-check-deposits/contract-pin-2026-09-04-010-accepted.edn
{:status :already-present, :run-id "2026-09-04-010-accepted", :check-id :contract-pin, :row/seq 20, :row/sha "7a3204f2e999cebb2cce3a43f32492d2a51abc86c920909c5c4299f6c10b24ce"}
run_era_ledger: already-present -- run 2026-09-04-010-accepted, check :contract-pin, seq 20, at 2026-09-04T16:40:56Z, artifact holes/labs/wm-contract/runs/RE3-check-deposits/contract-pin-2026-09-04-010-accepted.edn (commit 2169fa1f)
=== contract-pin exit=0
=== flip-readiness (cwd /home/joe/code/futon2/holes/labs/wm-contract): bb /home/joe/code/futon2/holes/labs/wm-contract/flip_readiness_check.bb --deposit 2026-09-04-010-accepted 
flip_readiness_check --deposit: receipt holes/labs/wm-contract/runs/RE3-check-deposits/flip-readiness-2026-09-04-010-accepted.edn
{:status :already-present, :run-id "2026-09-04-010-accepted", :check-id :flip-readiness, :row/seq 21, :row/sha "e28e4b52b021ed079f9652f676da9d749849757af863b6187e29ca368bed9e99"}
run_era_ledger: already-present -- run 2026-09-04-010-accepted, check :flip-readiness, seq 21, at 2026-09-04T16:40:56Z, artifact holes/labs/wm-contract/runs/RE3-check-deposits/flip-readiness-2026-09-04-010-accepted.edn (commit 2169fa1f)
=== flip-readiness exit=0
=== run3-conformance SKIPPED: conformance.edn already written
=== run-conformance (cwd /home/joe/code/futon2/holes/labs/wm-contract): env FUTON_WM_TRACE_DIR=/home/joe/code/futon2/holes/labs/wm-contract/runs/2026-09-04-010-accepted U49_RUN_DIR=runs/2026-09-04-010-accepted U49_SLUG=step20260904010accepted U49_TRACE_FILE=runs/2026-09-04-010-accepted/wm-trace-2026-09-04.edn U49_EMIT_TABLES=0 bb /home/joe/code/futon2/holes/labs/wm-contract/u49_route_transcribe.bb --deposit 2026-09-04-010-accepted runs/2026-09-04-010-accepted/u49 
u49: 1 records, 9 hops (9 distinct), verdict conformant
u49: C1-reproduces-the-pinned-verdict               PASS
u49: C2-node-names-round-trip                       PASS
u49: C3-fabricated-node-absent                      PASS
u49: C4-mutations-rejected                          PASS
u49: C5-drawn-set-differs-between-the-two-checkers  REPORTED
u49: C6-what-the-certificate-does-not-show          REPORTED
u49: C7-reused-tables-are-still-the-current-map     PASS
u49: wrote runs/2026-09-04-010-accepted/u49
{:status :already-present, :run-id "2026-09-04-010-accepted", :check-id :run-conformance, :row/seq 17, :row/sha "ce73adc050e8b8b1892886f835236d051d873ad0bb993b9397d5768c920c5cf5"}
run_era_ledger: already-present -- run 2026-09-04-010-accepted, check :run-conformance, seq 17, at 2026-09-04T16:40:36.011998629Z, artifact holes/labs/wm-contract/runs/2026-09-04-010-accepted/u49/03-classification.edn (commit aafe4ef3)
=== run-conformance exit=0
=== per-node-runtime-validation (cwd /home/joe/code/futon2/holes/labs/wm-contract): bb /home/joe/code/futon2/holes/labs/wm-contract/runtime_validation_check.bb --deposit 2026-09-04-010-accepted 
runtime_validation_check --deposit: receipt holes/labs/wm-contract/runs/RE6-check-deposits/runtime-validation-2026-09-04-010-accepted.edn
{:status :already-present, :run-id "2026-09-04-010-accepted", :check-id :per-node-runtime-validation, :row/seq 22, :row/sha "08c056bb0efe307ea1ec80b60a5aff1ba517af8cccea6d07a5b2ed700631bc41"}
run_era_ledger: already-present -- run 2026-09-04-010-accepted, check :per-node-runtime-validation, seq 22, at 2026-09-04T16:40:56Z, artifact holes/labs/wm-contract/runs/RE6-check-deposits/runtime-validation-2026-09-04-010-accepted.edn (commit 2169fa1f)
=== per-node-runtime-validation exit=0
=== enumeration-completeness (cwd /home/joe/code/futon2): env FUTON_WM_TRACE_DIR=/home/joe/code/futon2/holes/labs/wm-contract/runs/2026-09-04-010-accepted clojure -M:test holes/labs/wm-contract/u37_enumeration_replay.clj --deposit 2026-09-04-010-accepted 
u37_enumeration_replay --deposit: receipt holes/labs/wm-contract/runs/RE6-check-deposits/enumeration-completeness-2026-09-04-010-accepted.edn
{:status :already-present, :run-id "2026-09-04-010-accepted", :check-id :enumeration-completeness, :row/seq 23, :row/sha "7bcd7be3386b0191b8c80ec332a3204e0ed14f0b89b261b8d181927f485e20f0"}
run_era_ledger: already-present -- run 2026-09-04-010-accepted, check :enumeration-completeness, seq 23, at 2026-09-04T16:40:56Z, artifact holes/labs/wm-contract/runs/RE6-check-deposits/enumeration-completeness-2026-09-04-010-accepted.edn (commit 2169fa1f)
=== enumeration-completeness exit=0
=== rationale-regret (cwd /home/joe/code/futon2/holes/labs/wm-contract): bb /home/joe/code/futon2/holes/labs/wm-contract/u39_selection_retrospective.bb --deposit 2026-09-04-010-accepted 
u39_selection_retrospective --deposit: receipt holes/labs/wm-contract/runs/RE6-check-deposits/rationale-regret-2026-09-04-010-accepted.edn
{:status :already-present, :run-id "2026-09-04-010-accepted", :check-id :rationale-regret, :row/seq 24, :row/sha "24786ce1071edf38a1728907ce70cc4c24383d9aa67172a47c3d21e734018b60"}
run_era_ledger: already-present -- run 2026-09-04-010-accepted, check :rationale-regret, seq 24, at 2026-09-04T16:40:56Z, artifact holes/labs/wm-contract/runs/RE6-check-deposits/rationale-regret-2026-09-04-010-accepted.edn (commit 2169fa1f)
=== rationale-regret exit=0
=== tensions-cashed (cwd /home/joe/code/futon2/holes/labs/wm-contract): bb /home/joe/code/futon2/holes/labs/wm-contract/u41_tension_ledger.bb --deposit 2026-09-04-010-accepted 
u41_tension_ledger --deposit: receipt holes/labs/wm-contract/runs/RE6-check-deposits/tensions-cashed-2026-09-04-010-accepted.edn
{:status :already-present, :run-id "2026-09-04-010-accepted", :check-id :tensions-cashed, :row/seq 18, :row/sha "8b3040ee54f5ebd45ed68e0f91cd5b6eedb3a79ca9c1a180764d34b09d7fe382"}
run_era_ledger: already-present -- run 2026-09-04-010-accepted, check :tensions-cashed, seq 18, at 2026-09-04T16:40:33Z, artifact holes/labs/wm-contract/runs/RE6-check-deposits/tensions-cashed-2026-09-04-010-accepted.edn (commit aafe4ef3)
=== tensions-cashed exit=0
=== selection-discrimination (cwd /home/joe/code/futon2/holes/labs/wm-contract): env RE7_RUN_ID=2026-09-04-010-accepted RE7_RATIONALE_DIR=runs/2026-09-04-010-accepted/rationale RE7_TRACE=runs/2026-09-04-010-accepted/wm-trace-2026-09-04.edn RE7_SLUG=step20260904010accepted bb /home/joe/code/futon2/holes/labs/wm-contract/re7_selection_discrimination.bb --deposit 2026-09-04-010-accepted runs/RE7-selection-discrimination/2026-09-04-010-accepted 
re7_selection_discrimination: run 2026-09-04-010-accepted -- 1 decisions, verdict :green (deposits as :green)
  2026-09-04T16:30:14.927146598Z  rank 1    tie 1    band [1 1]      field 146  widest plateau not holding the choice 56    :discriminating
  9 controls, 4 negative (each shown REFUSING a wrong verdict), 5 positive; all pass? true
  wrote runs/RE7-selection-discrimination/2026-09-04-010-accepted/{00-source,01-decisions,02-plateau-census,03-controls}.edn and lean-block.lean
{:status :already-present, :run-id "2026-09-04-010-accepted", :check-id :selection-discrimination, :row/seq 19, :row/sha "5da71fb882848ba6051f0a154a14fd597d9a68b5647ad50219f852df995de1c2"}
run_era_ledger: already-present -- run 2026-09-04-010-accepted, check :selection-discrimination, seq 19, at 2026-09-04T16:30:14.927146598Z, artifact holes/labs/wm-contract/runs/RE7-selection-discrimination/2026-09-04-010-accepted/01-decisions.edn (commit aafe4ef3)
=== selection-discrimination exit=0
