{:selector-seam "stub:first-ranked-authorized-mission",
 :trace-path
 "/home/joe/code/futon2/data/wm-trace/wm-trace-2026-09-01.edn",
 :trace-before {:size 37514722, :mtime 1788281704224},
 :trace-after {:size 38559949, :mtime 1788281784805},
 :receipt-path
 "/home/joe/code/futon2/holes/labs/wm-contract/tick-run-record-2026-09-01-6ff02fd5-a9e7-4e57-b383-822542fde2dd.edn",
 :tick-run-record
 {:startedAt "2026-09-01T16:55:56.235134620Z",
  :inputIssues 0,
  :storeBasisCount 205143,
  :route-verdict
  {:hops 9,
   :conformant 3,
   :unmapped 6,
   :drawn-edges-fired 3,
   :drawn-edges-total 21,
   :unmapped-hops
   [{:fromNode "R20",
     :toNode "R12",
     :via "futon2.report.war-machine/scan-r12-apparatus",
     :at_ "2026-09-01T16:56:10.671352925Z"}
    {:fromNode "R12",
     :toNode "R2",
     :via "futon2.aif.observation/observe",
     :at_ "2026-09-01T16:56:15.180041208Z"}
    {:fromNode "R2",
     :toNode "R7",
     :via "futon2.aif.precision/update-precision-state",
     :at_ "2026-09-01T16:56:19.200218063Z"}
    {:fromNode "R3",
     :toNode "R8",
     :via "futon2.aif.free-energy/compute-variational-free-energy",
     :at_ "2026-09-01T16:56:19.200446720Z"}
    {:fromNode "R6",
     :toNode "R14",
     :via "futon2.report.war-machine/invoke-strategic-selection",
     :at_ "2026-09-01T16:56:24.723614159Z"}
    {:fromNode "R14",
     :toNode "TRACE",
     :via "futon2.aif.trace/write-trace!",
     :at_ "2026-09-01T16:56:24.752222742Z"}]},
  :entriesLimit 500,
  :run/id "6ff02fd5-a9e7-4e57-b383-822542fde2dd",
  :inputsRead 5,
  :preferenceLayers 5,
  :entriesRead 500,
  :route
  [{:fromNode "R20",
    :toNode "R12",
    :via "futon2.report.war-machine/scan-r12-apparatus",
    :at_ "2026-09-01T16:56:10.671352925Z"}
   {:fromNode "R12",
    :toNode "R2",
    :via "futon2.aif.observation/observe",
    :at_ "2026-09-01T16:56:15.180041208Z"}
   {:fromNode "R2",
    :toNode "R7",
    :via "futon2.aif.precision/update-precision-state",
    :at_ "2026-09-01T16:56:19.200218063Z"}
   {:fromNode "R7",
    :toNode "R3",
    :via "futon2.report.war-machine/apply-arena-belief-events",
    :at_ "2026-09-01T16:56:19.200259951Z"}
   {:fromNode "R3",
    :toNode "R8",
    :via "futon2.aif.free-energy/compute-variational-free-energy",
    :at_ "2026-09-01T16:56:19.200446720Z"}
   {:fromNode "R8",
    :toNode "R5",
    :via "futon2.aif.efe/rank-actions",
    :at_ "2026-09-01T16:56:24.447126042Z"}
   {:fromNode "R5",
    :toNode "R6",
    :via "futon2.aif.policy/select-action",
    :at_ "2026-09-01T16:56:24.723326060Z"}
   {:fromNode "R6",
    :toNode "R14",
    :via "futon2.report.war-machine/invoke-strategic-selection",
    :at_ "2026-09-01T16:56:24.723614159Z"}
   {:fromNode "R14",
    :toNode "TRACE",
    :via "futon2.aif.trace/write-trace!",
    :at_ "2026-09-01T16:56:24.752222742Z"}],
  :traceWritten true,
  :selectorSeam "stub:first-ranked-authorized-mission",
  :storeBasisMaxAt "2026-09-01T16:55:58.593812431Z"}}
