{:selector-seam "stub:first-ranked-authorized-mission",
 :trace-path
 "/home/joe/code/futon2/data/wm-trace/wm-trace-2026-09-01.edn",
 :trace-before {:size 35423178, :mtime 1788281544989},
 :trace-after {:size 36468430, :mtime 1788281625762},
 :receipt-path
 "/home/joe/code/futon2/holes/labs/wm-contract/tick-run-record-2026-09-01-686deeba-aa88-4e81-833c-52af2c862e33.edn",
 :tick-run-record
 {:startedAt "2026-09-01T16:53:17.818508195Z",
  :inputIssues 0,
  :storeBasisCount 205140,
  :route-verdict
  {:hops 9,
   :conformant 3,
   :unmapped 6,
   :drawn-edges-fired 3,
   :drawn-edges-total 21,
   :unmapped-hops
   [{:fromNode "R20",
     :toNode "R12",
     :via "futon2.report.war-machine/scan-r12-apparatus",
     :at_ "2026-09-01T16:53:31.108134944Z"}
    {:fromNode "R12",
     :toNode "R2",
     :via "futon2.aif.observation/observe",
     :at_ "2026-09-01T16:53:35.343042727Z"}
    {:fromNode "R2",
     :toNode "R7",
     :via "futon2.aif.precision/update-precision-state",
     :at_ "2026-09-01T16:53:39.295875071Z"}
    {:fromNode "R3",
     :toNode "R8",
     :via "futon2.aif.free-energy/compute-variational-free-energy",
     :at_ "2026-09-01T16:53:39.296204006Z"}
    {:fromNode "R6",
     :toNode "R14",
     :via "futon2.report.war-machine/invoke-strategic-selection",
     :at_ "2026-09-01T16:53:45.685899830Z"}
    {:fromNode "R14",
     :toNode "TRACE",
     :via "futon2.aif.trace/write-trace!",
     :at_ "2026-09-01T16:53:45.704577429Z"}]},
  :entriesLimit 500,
  :run/id "686deeba-aa88-4e81-833c-52af2c862e33",
  :inputsRead 5,
  :preferenceLayers 5,
  :entriesRead 500,
  :route
  [{:fromNode "R20",
    :toNode "R12",
    :via "futon2.report.war-machine/scan-r12-apparatus",
    :at_ "2026-09-01T16:53:31.108134944Z"}
   {:fromNode "R12",
    :toNode "R2",
    :via "futon2.aif.observation/observe",
    :at_ "2026-09-01T16:53:35.343042727Z"}
   {:fromNode "R2",
    :toNode "R7",
    :via "futon2.aif.precision/update-precision-state",
    :at_ "2026-09-01T16:53:39.295875071Z"}
   {:fromNode "R7",
    :toNode "R3",
    :via "futon2.report.war-machine/apply-arena-belief-events",
    :at_ "2026-09-01T16:53:39.295931947Z"}
   {:fromNode "R3",
    :toNode "R8",
    :via "futon2.aif.free-energy/compute-variational-free-energy",
    :at_ "2026-09-01T16:53:39.296204006Z"}
   {:fromNode "R8",
    :toNode "R5",
    :via "futon2.aif.efe/rank-actions",
    :at_ "2026-09-01T16:53:45.436656492Z"}
   {:fromNode "R5",
    :toNode "R6",
    :via "futon2.aif.policy/select-action",
    :at_ "2026-09-01T16:53:45.685730123Z"}
   {:fromNode "R6",
    :toNode "R14",
    :via "futon2.report.war-machine/invoke-strategic-selection",
    :at_ "2026-09-01T16:53:45.685899830Z"}
   {:fromNode "R14",
    :toNode "TRACE",
    :via "futon2.aif.trace/write-trace!",
    :at_ "2026-09-01T16:53:45.704577429Z"}],
  :traceWritten true,
  :selectorSeam "stub:first-ranked-authorized-mission",
  :storeBasisMaxAt "2026-09-01T16:51:21.033905975Z"}}
