{:selector-seam "stub:first-ranked-authorized-mission",
 :trace-path
 "/home/joe/code/futon2/data/wm-trace/wm-trace-2026-09-01.edn",
 :trace-before {:size 39604323, :mtime 1788281861853},
 :trace-after {:size 40648512, :mtime 1788281939570},
 :receipt-path
 "/home/joe/code/futon2/holes/labs/wm-contract/tick-run-record-2026-09-01-f982edc9-8cdc-4dc0-be03-b9bad1cf94a2.edn",
 :tick-run-record
 {:startedAt "2026-09-01T16:58:34.123195759Z",
  :inputIssues 0,
  :storeBasisCount 205151,
  :route-verdict
  {:hops 9,
   :conformant 3,
   :unmapped 6,
   :drawn-edges-fired 3,
   :drawn-edges-total 21,
   :unmapped-hops
   [{:fromNode "R20",
     :toNode "R12",
     :via "futon2.report.war-machine/scan-r12-apparatus",
     :at_ "2026-09-01T16:58:45.922781221Z"}
    {:fromNode "R12",
     :toNode "R2",
     :via "futon2.aif.observation/observe",
     :at_ "2026-09-01T16:58:50.049524041Z"}
    {:fromNode "R2",
     :toNode "R7",
     :via "futon2.aif.precision/update-precision-state",
     :at_ "2026-09-01T16:58:54.143326576Z"}
    {:fromNode "R3",
     :toNode "R8",
     :via "futon2.aif.free-energy/compute-variational-free-energy",
     :at_ "2026-09-01T16:58:54.143605868Z"}
    {:fromNode "R6",
     :toNode "R14",
     :via "futon2.report.war-machine/invoke-strategic-selection",
     :at_ "2026-09-01T16:58:59.506304067Z"}
    {:fromNode "R14",
     :toNode "TRACE",
     :via "futon2.aif.trace/write-trace!",
     :at_ "2026-09-01T16:58:59.525245321Z"}]},
  :entriesLimit 500,
  :run/id "f982edc9-8cdc-4dc0-be03-b9bad1cf94a2",
  :inputsRead 5,
  :preferenceLayers 5,
  :entriesRead 500,
  :route
  [{:fromNode "R20",
    :toNode "R12",
    :via "futon2.report.war-machine/scan-r12-apparatus",
    :at_ "2026-09-01T16:58:45.922781221Z"}
   {:fromNode "R12",
    :toNode "R2",
    :via "futon2.aif.observation/observe",
    :at_ "2026-09-01T16:58:50.049524041Z"}
   {:fromNode "R2",
    :toNode "R7",
    :via "futon2.aif.precision/update-precision-state",
    :at_ "2026-09-01T16:58:54.143326576Z"}
   {:fromNode "R7",
    :toNode "R3",
    :via "futon2.report.war-machine/apply-arena-belief-events",
    :at_ "2026-09-01T16:58:54.143374465Z"}
   {:fromNode "R3",
    :toNode "R8",
    :via "futon2.aif.free-energy/compute-variational-free-energy",
    :at_ "2026-09-01T16:58:54.143605868Z"}
   {:fromNode "R8",
    :toNode "R5",
    :via "futon2.aif.efe/rank-actions",
    :at_ "2026-09-01T16:58:59.302421019Z"}
   {:fromNode "R5",
    :toNode "R6",
    :via "futon2.aif.policy/select-action",
    :at_ "2026-09-01T16:58:59.506120864Z"}
   {:fromNode "R6",
    :toNode "R14",
    :via "futon2.report.war-machine/invoke-strategic-selection",
    :at_ "2026-09-01T16:58:59.506304067Z"}
   {:fromNode "R14",
    :toNode "TRACE",
    :via "futon2.aif.trace/write-trace!",
    :at_ "2026-09-01T16:58:59.525245321Z"}],
  :traceWritten true,
  :selectorSeam "stub:first-ranked-authorized-mission",
  :storeBasisMaxAt "2026-09-01T16:57:02.790342649Z"}}
