{:context
 {:model {:id "wm-production", :revision "2026-09-12-row-7"},
  :state-support
  [:spawned
   :refined
   :strengthened
   :addressed
   :falsified
   :foreclosed
   :reopened],
  :mode :single-entity,
  :entity/id "arxana/stack/futon-v1/leaf/2/2",
  :policy-entities ["arxana/stack/futon-v1/leaf/2/2"]},
 :trace
 {:path "data/wm-trace/wm-trace-2026-09-04.edn",
  :sha256
  "f343432d772986ddc2f7fe38107913afc997201ebae9b6240dff152e235b1120",
  :form 0,
  :field :mu-post},
 :exact
 {:input
  {:spawned 1/28,
   :refined 1/14,
   :strengthened 3/28,
   :addressed 1/7,
   :falsified 5/28,
   :foreclosed 3/14,
   :reopened 1/4},
  :output
  {:ok true,
   :model {:id "wm-production", :revision "2026-09-12-row-7"},
   :context #:entity{:id "arxana/stack/futon-v1/leaf/2/2"},
   :state-support
   [:spawned
    :refined
    :strengthened
    :addressed
    :falsified
    :foreclosed
    :reopened],
   :numeric-admission
   {:admission :exact,
    :support
    [:spawned
     :refined
     :strengthened
     :addressed
     :falsified
     :foreclosed
     :reopened],
    :exact-deviation 0N,
    :exact-total 1N,
    :representation :exact-rational,
    :representations
    {:spawned :ratio,
     :refined :ratio,
     :strengthened :ratio,
     :addressed :ratio,
     :falsified :ratio,
     :foreclosed :ratio,
     :reopened :ratio},
    :values
    {:spawned 1/28,
     :refined 1/14,
     :strengthened 3/28,
     :addressed 1/7,
     :falsified 5/28,
     :foreclosed 3/14,
     :reopened 1/4},
    :ok true,
    :criterion
    {:id :exact-row-sum,
     :revision "exact-represented-v1",
     :target 1,
     :max-absolute-deviation 0},
    :exactly-normalized? true},
   :belief-input
   {:mode :single-entity,
    :posteriors
    {"arxana/stack/futon-v1/leaf/2/2"
     {:spawned 1/28,
      :refined 1/14,
      :strengthened 3/28,
      :addressed 1/7,
      :falsified 5/28,
      :foreclosed 3/14,
      :reopened 1/4}}}}},
 :production
 {:input
  {:strengthened 0.31240050666821867,
   :addressed 0.09555013225308848,
   :falsified 0.07447381184188043,
   :reopened 0.10532904980883244,
   :spawned 0.10532904980883244,
   :refined 0.14086253396643547,
   :foreclosed 0.1660549156527121},
  :output
  {:ok true,
   :model {:id "wm-production", :revision "2026-09-12-row-7"},
   :context #:entity{:id "arxana/stack/futon-v1/leaf/2/2"},
   :state-support
   [:spawned
    :refined
    :strengthened
    :addressed
    :falsified
    :foreclosed
    :reopened],
   :numeric-admission
   {:admission :float-carried,
    :support
    [:spawned
     :refined
     :strengthened
     :addressed
     :falsified
     :foreclosed
     :reopened],
    :exact-deviation 1/36028797018963968,
    :exact-total 36028797018963969/36028797018963968,
    :representation :ieee-floating,
    :representations
    {:strengthened :float64,
     :addressed :float64,
     :falsified :float64,
     :reopened :float64,
     :spawned :float64,
     :refined :float64,
     :foreclosed :float64},
    :values
    {:strengthened 0.31240050666821867,
     :addressed 0.09555013225308848,
     :falsified 0.07447381184188043,
     :reopened 0.10532904980883244,
     :spawned 0.10532904980883244,
     :refined 0.14086253396643547,
     :foreclosed 0.1660549156527121},
    :ok true,
    :criterion
    {:id :absolute-row-sum,
     :revision "v1.1",
     :target 1,
     :max-absolute-deviation 1/1000000000000},
    :exactly-normalized? false},
   :belief-input
   {:mode :single-entity,
    :posteriors
    {"arxana/stack/futon-v1/leaf/2/2"
     {:strengthened 0.31240050666821867,
      :addressed 0.09555013225308848,
      :falsified 0.07447381184188043,
      :reopened 0.10532904980883244,
      :spawned 0.10532904980883244,
      :refined 0.14086253396643547,
      :foreclosed 0.1660549156527121}}}}}}
