  ActGateNegative.lean ... exit 0 (1835 ms)
  AlivenessNegative.lean ... exit 0 (1824 ms)
  AmbiguityWitness.lean ... exit 0 (1755 ms)
  BayesFactorThresholdNegative.lean ... exit 0 (1721 ms)
  BayesFactorThresholdWitness.lean ... exit 0 (1723 ms)
  BayesianModelReductionNegative.lean ... exit 0 (1703 ms)
  BayesianModelReductionWitness.lean ... exit 0 (1820 ms)
  BeliefStateWitness.lean ... exit 0 (1897 ms)
  BeliefUpdateFalsifier.lean ... exit 0 (1861 ms)
  CascadeOrder.lean ... exit 0 (503 ms)
  ChannelWitness.lean ... exit 0 (1776 ms)
  CohortNegative.lean ... exit 0 (1820 ms)
  CommitmentTemperature.lean ... exit 0 (589 ms)
  ContractEmitter.lean ... exit 0 (514 ms)
  ControlVocabularyNegative.lean ... exit 0 (1732 ms)
  CoverageReport.lean ... exit 0 (584 ms)
  DirichletConcentrationsEmptyNegative.lean ... exit 0 (1650 ms)
  DirichletConcentrationsNegative.lean ... exit 0 (1787 ms)
  DirichletConcentrationsWitness.lean ... exit 0 (1712 ms)
  DirichletConcentrationsZeroNegative.lean ... exit 0 (1738 ms)
  ExpectedFreeEnergyWitness.lean ... exit 0 (1733 ms)
  ExpectedInformationGainWitness.lean ... exit 0 (1847 ms)
  FoldEscrowRecordWitness.lean ... exit 0 (1794 ms)
  FoldNegative.lean ... exit 0 (1699 ms)
  FoldWitness.lean ... exit 0 (1793 ms)
  GainChain.lean ... exit 0 (688 ms)
  GenerativeModelNegative.lean ... exit 0 (1802 ms)
  GenerativeModelWitness.lean ... exit 0 (1901 ms)
  HaveWantArrowNegative.lean ... exit 0 (1849 ms)
  HaveWantArrowWitness.lean ... exit 0 (1779 ms)
  Holes.lean ... exit 0 (5229 ms)
  LogMultivariateBetaWitness.lean ... exit 0 (1802 ms)
  MachineAction.lean ... exit 0 (3329 ms)
  MachineActionWitness.lean ... exit 0 (3113 ms)
  MachineBeliefState.lean ... exit 0 (1683 ms)
  MachineBeliefStateWitness.lean ... exit 0 (1946 ms)
  MachineBeliefUpdate.lean ... exit 0 (1917 ms)
  MachineBeliefUpdateWitness.lean ... exit 0 (1843 ms)
  MachineDepth.lean ... exit 0 (3202 ms)
  MachineDepthWitness.lean ... exit 0 (3222 ms)
  MachineDirichletAccumulation.lean ... exit 0 (3291 ms)
  MachineDirichletAccumulationWitness.lean ... exit 0 (2968 ms)
  MachineObservation.lean ... exit 0 (1673 ms)
  MachineObservationWitness.lean ... exit 0 (1793 ms)
  MachinePolicyFreeEnergy.lean ... exit 0 (1841 ms)
  MachinePolicyFreeEnergyWitness.lean ... exit 0 (1714 ms)
  MachinePrecision.lean ... exit 0 (1927 ms)
  MachinePrecisionWitness.lean ... exit 0 (1804 ms)
  MachinePredictionError.lean ... exit 0 (2325 ms)
  MachinePredictionErrorWitness.lean ... exit 0 (1854 ms)
  MachineQ.lean ... exit 0 (1743 ms)
  MachineQWitness.lean ... exit 0 (2294 ms)
  MachineTemperature.lean ... exit 0 (3281 ms)
  MachineTemperatureWitness.lean ... exit 0 (2968 ms)
  MachineVocabularyWitness.lean ... exit 0 (1881 ms)
  ModelReductionFreeEnergyChangeTypeNegative.lean ... exit 0 (1690 ms)
  ModelReductionFreeEnergyChangeValueNegative.lean ... exit 0 (1745 ms)
  ModelReductionFreeEnergyChangeWitness.lean ... exit 0 (1772 ms)
  ModelUncertaintyEIGCollapsedNegative.lean ... exit 0 (1821 ms)
  ObservationKernelWitness.lean ... exit 0 (1783 ms)
  ObservationVectorOutcomeNegative.lean ... exit 0 (1860 ms)
  ObservationVectorPartialNegative.lean ... exit 0 (1684 ms)
  ObservationVectorWitness.lean ... exit 0 (1782 ms)
  ParameterPosteriorKernelOutcomeNegative.lean ... exit 0 (1693 ms)
  ParameterPosteriorKernelPriorNegative.lean ... exit 0 (1805 ms)
  ParameterPosteriorKernelWitness.lean ... exit 0 (1795 ms)
  ParameterPriorKernelHabitNegative.lean ... exit 0 (1788 ms)
  ParameterPriorKernelOutcomeNegative.lean ... exit 0 (1740 ms)
  ParameterPriorKernelWitness.lean ... exit 0 (1749 ms)
  PolicyGrade.lean ... exit 0 (482 ms)
  PolicyPriorKernelNegative.lean ... exit 0 (1632 ms)
  PolicyPriorKernelWitness.lean ... exit 0 (1740 ms)
  PrecisionNegative.lean ... exit 0 (1617 ms)
  PrecisionWitness.lean ... exit 0 (1708 ms)
  PredictionErrorNegative.lean ... exit 0 (1644 ms)
  PredictionErrorWitness.lean ... exit 0 (1707 ms)
  PredictiveOutcomeKernelSoftmaxNegative.lean ... exit 0 (1675 ms)
  PredictiveOutcomeKernelUnconditionalNegative.lean ... exit 0 (1789 ms)
  PredictiveOutcomeKernelWitness.lean ... exit 0 (1620 ms)
  PredictiveOutcomeRiskWitness.lean ... exit 0 (1732 ms)
  PreferenceDistributionConditioningNegative.lean ... exit 0 (1711 ms)
  PreferenceDistributionPragmaticCostNegative.lean ... exit 0 (1641 ms)
  PreferenceDistributionWitness.lean ... exit 0 (1773 ms)
  Run4Preregistration.lean ... exit 0 (1835 ms)
  SoftmaxNegative.lean ... exit 0 (1805 ms)
  SoftmaxWitness.lean ... exit 0 (1742 ms)
  TransitionKernelBetaNegative.lean ... exit 0 (1762 ms)
  TransitionKernelUncontrolledNegative.lean ... exit 0 (1719 ms)
  TransitionKernelWitness.lean ... exit 0 (1678 ms)
  VariationalFreeEnergyNegative.lean ... exit 0 (1777 ms)
  VariationalFreeEnergyWitness.lean ... exit 0 (1784 ms)

lean_state_probe: 91 modules, 1101 declarations, 14958 source lines
lean_state_probe: type-check all-modules-elaborate-exit-zero -- 91/91 exit 0, 0 error diagnostics, 169373 ms
lean_state_probe: sorry 10 source / 10 Lean-reported (exact-by-location); axioms 0
lean_state_probe: glossary join 48/56 resolve; equation carriers 17/18 declared, 17 resolve
lean_state_probe: wrote runs/F8-dirichlet-accumulation/lean-state-join-after.edn
