  ActGateNegative.lean ... exit 0 (1563 ms)
  AlivenessNegative.lean ... exit 0 (1630 ms)
  AmbiguityWitness.lean ... exit 0 (1652 ms)
  BayesFactorThresholdNegative.lean ... exit 0 (1642 ms)
  BayesFactorThresholdWitness.lean ... exit 0 (1589 ms)
  BayesianModelReductionNegative.lean ... exit 0 (1546 ms)
  BayesianModelReductionWitness.lean ... exit 0 (1594 ms)
  BeliefStateWitness.lean ... exit 0 (1616 ms)
  BeliefUpdateFalsifier.lean ... exit 0 (1735 ms)
  CascadeOrder.lean ... exit 0 (482 ms)
  ChannelWitness.lean ... exit 0 (1527 ms)
  CohortNegative.lean ... exit 0 (1640 ms)
  CommitmentTemperature.lean ... exit 0 (548 ms)
  ContractEmitter.lean ... exit 0 (528 ms)
  ControlVocabularyNegative.lean ... exit 0 (1603 ms)
  CoverageReport.lean ... exit 0 (595 ms)
  DirichletConcentrationsEmptyNegative.lean ... exit 0 (1598 ms)
  DirichletConcentrationsNegative.lean ... exit 0 (1547 ms)
  DirichletConcentrationsWitness.lean ... exit 0 (1618 ms)
  DirichletConcentrationsZeroNegative.lean ... exit 0 (1626 ms)
  ExpectedFreeEnergyWitness.lean ... exit 0 (1691 ms)
  ExpectedInformationGainWitness.lean ... exit 0 (1865 ms)
  FoldEscrowRecordWitness.lean ... exit 0 (1534 ms)
  FoldNegative.lean ... exit 0 (1617 ms)
  FoldWitness.lean ... exit 0 (1626 ms)
  GainChain.lean ... exit 0 (602 ms)
  GenerativeModelNegative.lean ... exit 0 (1658 ms)
  GenerativeModelWitness.lean ... exit 0 (1604 ms)
  HaveWantArrowNegative.lean ... exit 0 (1585 ms)
  HaveWantArrowWitness.lean ... exit 0 (1653 ms)
  Holes.lean ... exit 0 (4857 ms)
  LogMultivariateBetaWitness.lean ... exit 0 (1544 ms)
  MachineAction.lean ... exit 0 (2866 ms)
  MachineActionWitness.lean ... exit 0 (2815 ms)
  MachineBeliefState.lean ... exit 0 (1619 ms)
  MachineBeliefStateWitness.lean ... exit 0 (1698 ms)
  MachineBeliefUpdate.lean ... exit 0 (1718 ms)
  MachineBeliefUpdateWitness.lean ... exit 0 (1759 ms)
  MachineDepth.lean ... exit 0 (2859 ms)
  MachineDepthWitness.lean ... exit 0 (2814 ms)
  MachineObservation.lean ... exit 0 (1613 ms)
  MachineObservationWitness.lean ... exit 0 (1592 ms)
  MachinePolicyFreeEnergy.lean ... exit 0 (1724 ms)
  MachinePolicyFreeEnergyWitness.lean ... exit 0 (1639 ms)
  MachinePrecision.lean ... exit 0 (1805 ms)
  MachinePrecisionWitness.lean ... exit 0 (1793 ms)
  MachinePredictionError.lean ... exit 0 (2107 ms)
  MachinePredictionErrorWitness.lean ... exit 0 (1787 ms)
  MachineQ.lean ... exit 0 (1636 ms)
  MachineQWitness.lean ... exit 0 (2001 ms)
  MachineTemperature.lean ... exit 0 (2939 ms)
  MachineTemperatureWitness.lean ... exit 0 (2914 ms)
  MachineVocabularyWitness.lean ... exit 0 (1754 ms)
  ModelReductionFreeEnergyChangeTypeNegative.lean ... exit 0 (1576 ms)
  ModelReductionFreeEnergyChangeValueNegative.lean ... exit 0 (1613 ms)
  ModelReductionFreeEnergyChangeWitness.lean ... exit 0 (1704 ms)
  ModelUncertaintyEIGCollapsedNegative.lean ... exit 0 (1612 ms)
  ObservationKernelWitness.lean ... exit 0 (1590 ms)
  ObservationVectorOutcomeNegative.lean ... exit 0 (1543 ms)
  ObservationVectorPartialNegative.lean ... exit 0 (1599 ms)
  ObservationVectorWitness.lean ... exit 0 (1623 ms)
  ParameterPosteriorKernelOutcomeNegative.lean ... exit 0 (1698 ms)
  ParameterPosteriorKernelPriorNegative.lean ... exit 0 (1686 ms)
  ParameterPosteriorKernelWitness.lean ... exit 0 (1733 ms)
  ParameterPriorKernelHabitNegative.lean ... exit 0 (1788 ms)
  ParameterPriorKernelOutcomeNegative.lean ... exit 0 (1591 ms)
  ParameterPriorKernelWitness.lean ... exit 0 (1679 ms)
  PolicyGrade.lean ... exit 0 (516 ms)
  PolicyPriorKernelNegative.lean ... exit 0 (1637 ms)
  PolicyPriorKernelWitness.lean ... exit 0 (1686 ms)
  PrecisionNegative.lean ... exit 0 (1586 ms)
  PrecisionWitness.lean ... exit 0 (1719 ms)
  PredictionErrorNegative.lean ... exit 0 (1638 ms)
  PredictionErrorWitness.lean ... exit 0 (1700 ms)
  PredictiveOutcomeKernelSoftmaxNegative.lean ... exit 0 (1606 ms)
  PredictiveOutcomeKernelUnconditionalNegative.lean ... exit 0 (1697 ms)
  PredictiveOutcomeKernelWitness.lean ... exit 0 (1661 ms)
  PredictiveOutcomeRiskWitness.lean ... exit 0 (1642 ms)
  PreferenceDistributionConditioningNegative.lean ... exit 0 (1533 ms)
  PreferenceDistributionPragmaticCostNegative.lean ... exit 0 (1556 ms)
  PreferenceDistributionWitness.lean ... exit 0 (1640 ms)
  Run4Preregistration.lean ... exit 0 (1664 ms)
  SoftmaxNegative.lean ... exit 0 (1709 ms)
  SoftmaxWitness.lean ... exit 0 (1715 ms)
  TransitionKernelBetaNegative.lean ... exit 0 (1700 ms)
  TransitionKernelUncontrolledNegative.lean ... exit 0 (1743 ms)
  TransitionKernelWitness.lean ... exit 0 (1736 ms)
  VariationalFreeEnergyNegative.lean ... exit 0 (1646 ms)
  VariationalFreeEnergyWitness.lean ... exit 0 (1602 ms)

lean_state_probe: 89 modules, 1077 declarations, 14650 source lines
lean_state_probe: type-check all-modules-elaborate-exit-zero -- 89/89 exit 0, 0 error diagnostics, 151551 ms
lean_state_probe: sorry 10 source / 10 Lean-reported (exact-by-location); axioms 0
lean_state_probe: glossary join 48/56 resolve; equation carriers 17/18 declared, 17 resolve
lean_state_probe: wrote runs/F8-dirichlet-accumulation/lean-state-join-before.edn
