#'futon2.aif.receipt-construction/construct!

Testing futon2.aif.receipt-construction-test

FAIL in (excluded-marker-does-not-recover-unsupported-actual-history) (receipt_construction_test.clj:344)
expected: (= :previous-cascade-carrier-unavailable (:construction/refusal error))
  actual: (not (= :previous-cascade-carrier-unavailable :history-discovery-invalid))

FAIL in (excluded-marker-does-not-recover-unsupported-actual-history) (receipt_construction_test.clj:345)
expected: (= 1 (count (:history/excluded-attempts error)))
  actual: (not (= 1 0))

ERROR in (positive-non-construction-exclusion-retains-provenance) (source.clj:152)
Uncaught exception, not in assertion.
expected: nil
  actual: clojure.lang.ExceptionInfo: Previous construction validation refused
{:interpretation/refusal :interpretation/invalid-receipt, :construction/refusal :previous-cascade-unavailable, :file "/tmp/receipt-nonconstruction13568858974100767576/marker/fixture/attempt-002/003-construction.edn", :history/close-file "/tmp/receipt-nonconstruction13568858974100767576/marker/fixture/attempt-002/007-closed.edn", :history/construction-file "/tmp/receipt-nonconstruction13568858974100767576/marker/fixture/attempt-002/003-construction.edn"}
 at futon2.aif.receipt_construction$validated_previous_BANG_.invokeStatic (source.clj:152)
    futon2.aif.receipt_construction$validated_previous_BANG_.invoke (source.clj:106)
    futon2.aif.receipt_construction$previous_BANG_.invokeStatic (source.clj:186)
    futon2.aif.receipt_construction$previous_BANG_.invoke (source.clj:159)
    futon2.aif.receipt_construction_test$fn__20461$fn__20477.invoke (receipt_construction_test.clj:304)
    futon2.aif.receipt_construction_test$fn__20461.invokeStatic (receipt_construction_test.clj:301)
    futon2.aif.receipt_construction_test/fn (receipt_construction_test.clj:296)
    clojure.test$test_var$fn__9856.invoke (test.clj:717)
    clojure.test$test_var.invokeStatic (test.clj:717)
    clojure.test$test_var.invoke (test.clj:708)
    clojure.test$test_vars$fn__9882$fn__9887.invoke (test.clj:735)
    clojure.test$default_fixture.invokeStatic (test.clj:687)
    clojure.test$default_fixture.invoke (test.clj:683)
    clojure.test$test_vars$fn__9882.invoke (test.clj:735)
    clojure.test$default_fixture.invokeStatic (test.clj:687)
    clojure.test$default_fixture.invoke (test.clj:683)
    clojure.test$test_vars.invokeStatic (test.clj:731)
    clojure.test$test_all_vars.invokeStatic (test.clj:737)
    clojure.test$test_ns.invokeStatic (test.clj:758)
    clojure.test$test_ns.invoke (test.clj:743)
    clojure.core$map$fn__5935.invoke (core.clj:2772)
    clojure.lang.LazySeq.sval (LazySeq.java:42)
    clojure.lang.LazySeq.seq (LazySeq.java:51)
    clojure.lang.Cons.next (Cons.java:39)
    clojure.lang.RT.boundedLength (RT.java:1790)
    clojure.lang.RestFn.applyTo (RestFn.java:130)
    clojure.core$apply.invokeStatic (core.clj:669)
    clojure.test$run_tests.invokeStatic (test.clj:768)
    clojure.test$run_tests.doInvoke (test.clj:768)
    clojure.lang.RestFn.invoke (RestFn.java:408)
    user$eval20888.invokeStatic (NO_SOURCE_FILE:1)
    user$eval20888.invoke (NO_SOURCE_FILE:1)
    clojure.lang.Compiler.eval (Compiler.java:7194)
    clojure.lang.Compiler.eval (Compiler.java:7149)
    clojure.core$eval.invokeStatic (core.clj:3215)
    clojure.main$eval_opt.invokeStatic (main.clj:488)
    clojure.main$eval_opt.invoke (main.clj:482)
    clojure.main$initialize.invokeStatic (main.clj:508)
    clojure.main$null_opt.invokeStatic (main.clj:542)
    clojure.main$null_opt.invoke (main.clj:539)
    clojure.main$main.invokeStatic (main.clj:664)
    clojure.main$main.doInvoke (main.clj:616)
    clojure.lang.RestFn.applyTo (RestFn.java:137)
    clojure.lang.Var.applyTo (Var.java:705)
    clojure.main.main (main.java:40)
Caused by: clojure.lang.ExceptionInfo: Receipted construction refused
{:interpretation/refusal :interpretation/invalid-receipt, :construction/refusal :previous-cascade-unavailable, :file "/tmp/receipt-nonconstruction13568858974100767576/marker/fixture/attempt-002/003-construction.edn"}
 at futon2.aif.receipt_construction$need_BANG_.invokeStatic (source.clj:18)
    futon2.aif.receipt_construction$need_BANG_.invoke (source.clj:17)
    futon2.aif.receipt_construction$validated_previous_BANG_.invokeStatic (source.clj:112)
    futon2.aif.receipt_construction$validated_previous_BANG_.invoke (source.clj:106)
    futon2.aif.receipt_construction$previous_BANG_.invokeStatic (source.clj:186)
    futon2.aif.receipt_construction$previous_BANG_.invoke (source.clj:159)
    futon2.aif.receipt_construction_test$fn__20461$fn__20477.invoke (receipt_construction_test.clj:304)
    futon2.aif.receipt_construction_test$fn__20461.invokeStatic (receipt_construction_test.clj:301)
    futon2.aif.receipt_construction_test/fn (receipt_construction_test.clj:296)
    clojure.test$test_var$fn__9856.invoke (test.clj:717)
    clojure.test$test_var.invokeStatic (test.clj:717)
    clojure.test$test_var.invoke (test.clj:708)
    clojure.test$test_vars$fn__9882$fn__9887.invoke (test.clj:735)
    clojure.test$default_fixture.invokeStatic (test.clj:687)
    clojure.test$default_fixture.invoke (test.clj:683)
    clojure.test$test_vars$fn__9882.invoke (test.clj:735)
    clojure.test$default_fixture.invokeStatic (test.clj:687)
    clojure.test$default_fixture.invoke (test.clj:683)
    clojure.test$test_vars.invokeStatic (test.clj:731)
    clojure.test$test_all_vars.invokeStatic (test.clj:737)
    clojure.test$test_ns.invokeStatic (test.clj:758)
    clojure.test$test_ns.invoke (test.clj:743)
    clojure.core$map$fn__5935.invoke (core.clj:2772)
    clojure.lang.LazySeq.sval (LazySeq.java:42)
    clojure.lang.LazySeq.seq (LazySeq.java:51)
    clojure.lang.Cons.next (Cons.java:39)
    clojure.lang.RT.boundedLength (RT.java:1790)
    clojure.lang.RestFn.applyTo (RestFn.java:130)
    clojure.core$apply.invokeStatic (core.clj:669)
    clojure.test$run_tests.invokeStatic (test.clj:768)
    clojure.test$run_tests.doInvoke (test.clj:768)
    clojure.lang.RestFn.invoke (RestFn.java:408)
    user$eval20888.invokeStatic (NO_SOURCE_FILE:1)
    user$eval20888.invoke (NO_SOURCE_FILE:1)
    clojure.lang.Compiler.eval (Compiler.java:7194)
    clojure.lang.Compiler.eval (Compiler.java:7149)
    clojure.core$eval.invokeStatic (core.clj:3215)
    clojure.main$eval_opt.invokeStatic (main.clj:488)
    clojure.main$eval_opt.invoke (main.clj:482)
    clojure.main$initialize.invokeStatic (main.clj:508)
    clojure.main$null_opt.invokeStatic (main.clj:542)
    clojure.main$null_opt.invoke (main.clj:539)
    clojure.main$main.invokeStatic (main.clj:664)
    clojure.main$main.doInvoke (main.clj:616)
    clojure.lang.RestFn.applyTo (RestFn.java:137)
    clojure.lang.Var.applyTo (Var.java:705)
    clojure.main.main (main.java:40)

Ran 13 tests containing 127 assertions.
2 failures, 1 errors.
