#'futon2.aif.receipt-construction/construct!

Testing futon2.aif.receipt-construction-test

FAIL in (rejected-construction-remains-a-predecessor) (receipt_construction_test.clj:384)
expected: (= :previous-construction-rejected (:construction/refusal error))
  actual: (not (= :previous-construction-rejected :history-discovery-invalid))

FAIL in (rejected-construction-remains-a-predecessor) (receipt_construction_test.clj:385)
expected: (= (str (nth files 2)) (:file error))
  actual: (not (= "/tmp/receipt-rejection10171584199238773909/latest/fixture/attempt-002/003-construction.edn" "/tmp/receipt-rejection10171584199238773909/latest/fixture/attempt-002/007-closed.edn"))

FAIL in (rejected-construction-remains-a-predecessor) (receipt_construction_test.clj:386)
expected: (= :invalid-checkpoint-cell (get-in error [:history/rejection :kind]))
  actual: (not (= :invalid-checkpoint-cell nil))

FAIL in (rejected-construction-remains-a-predecessor) (receipt_construction_test.clj:387)
expected: (= [[:invalid-fold-output :fixture]] (get-in error [:history/rejection :cell-errors]))
  actual: (not (= [[:invalid-fold-output :fixture]] nil))

FAIL in (rejected-construction-remains-a-predecessor) (receipt_construction_test.clj:388)
expected: (= (evidence/sha256 (Files/readAllBytes (.toPath (nth files 2)))) (:history/construction-sha256 error))
  actual: (not (= "c23d4ac14036e37385641156bb326aa1a73453dafadca159bc87fa6b236a16d0" nil))

FAIL in (rejected-construction-remains-a-predecessor) (receipt_construction_test.clj:384)
expected: (= :previous-construction-rejected (:construction/refusal error))
  actual: (not (= :previous-construction-rejected :history-discovery-invalid))

FAIL in (rejected-construction-remains-a-predecessor) (receipt_construction_test.clj:385)
expected: (= (str (nth files 2)) (:file error))
  actual: (not (= "/tmp/receipt-rejection8186461767920116266/latest/fixture/attempt-002/003-construction.edn" "/tmp/receipt-rejection8186461767920116266/latest/fixture/attempt-002/007-closed.edn"))

FAIL in (rejected-construction-remains-a-predecessor) (receipt_construction_test.clj:386)
expected: (= :invalid-checkpoint-cell (get-in error [:history/rejection :kind]))
  actual: (not (= :invalid-checkpoint-cell nil))

FAIL in (rejected-construction-remains-a-predecessor) (receipt_construction_test.clj:387)
expected: (= [[:invalid-fold-output :fixture]] (get-in error [:history/rejection :cell-errors]))
  actual: (not (= [[:invalid-fold-output :fixture]] nil))

FAIL in (rejected-construction-remains-a-predecessor) (receipt_construction_test.clj:388)
expected: (= (evidence/sha256 (Files/readAllBytes (.toPath (nth files 2)))) (:history/construction-sha256 error))
  actual: (not (= "c23d4ac14036e37385641156bb326aa1a73453dafadca159bc87fa6b236a16d0" nil))

FAIL in (discovery-target-rendering-is-exact-and-provenanced) (receipt_construction_test.clj:426)
expected: (= (if (= expected :match) :previous-occurrence-unavailable :history-discovery-invalid) (:construction/refusal error))
  actual: (not (= :previous-occurrence-unavailable :history-discovery-invalid))

ERROR in (discovery-target-rendering-is-exact-and-provenanced) (wm09-pre-k456.clj:19)
Uncaught exception, not in assertion.
expected: nil
  actual: clojure.lang.ExceptionInfo: Receipted construction refused
{:interpretation/refusal :interpretation/invalid-receipt, :construction/refusal :history-discovery-invalid, :reason :current-target-unavailable}
 at futon2.aif.receipt_construction$need_BANG_.invokeStatic (wm09-pre-k456.clj:19)
    futon2.aif.receipt_construction$need_BANG_.invoke (wm09-pre-k456.clj:18)
    futon2.aif.receipt_construction$previous_BANG_.invokeStatic (wm09-pre-k456.clj:274)
    futon2.aif.receipt_construction$previous_BANG_.invoke (wm09-pre-k456.clj:269)
    futon2.aif.receipt_construction_test$fn__21078.invokeStatic (receipt_construction_test.clj:432)
    futon2.aif.receipt_construction_test/fn (receipt_construction_test.clj:411)
    clojure.test$test_var$fn__9856.invoke (test.clj:717)
    clojure.test$test_var.invokeStatic (test.clj:717)
    clojure.test$test_var.invoke (test.clj:708)
    clojure.test$test_vars$fn__9882$fn__9887.invoke (test.clj:735)
    clojure.test$default_fixture.invokeStatic (test.clj:687)
    clojure.test$default_fixture.invoke (test.clj:683)
    clojure.test$test_vars$fn__9882.invoke (test.clj:735)
    clojure.test$default_fixture.invokeStatic (test.clj:687)
    clojure.test$default_fixture.invoke (test.clj:683)
    clojure.test$test_vars.invokeStatic (test.clj:731)
    clojure.test$test_all_vars.invokeStatic (test.clj:737)
    clojure.test$test_ns.invokeStatic (test.clj:758)
    clojure.test$test_ns.invoke (test.clj:743)
    clojure.core$map$fn__5935.invoke (core.clj:2772)
    clojure.lang.LazySeq.sval (LazySeq.java:42)
    clojure.lang.LazySeq.seq (LazySeq.java:51)
    clojure.lang.Cons.next (Cons.java:39)
    clojure.lang.RT.boundedLength (RT.java:1790)
    clojure.lang.RestFn.applyTo (RestFn.java:130)
    clojure.core$apply.invokeStatic (core.clj:669)
    clojure.test$run_tests.invokeStatic (test.clj:768)
    clojure.test$run_tests.doInvoke (test.clj:768)
    clojure.lang.RestFn.invoke (RestFn.java:408)
    user$eval21445.invokeStatic (NO_SOURCE_FILE:1)
    user$eval21445.invoke (NO_SOURCE_FILE:1)
    clojure.lang.Compiler.eval (Compiler.java:7194)
    clojure.lang.Compiler.eval (Compiler.java:7149)
    clojure.core$eval.invokeStatic (core.clj:3215)
    clojure.main$eval_opt.invokeStatic (main.clj:488)
    clojure.main$eval_opt.invoke (main.clj:482)
    clojure.main$initialize.invokeStatic (main.clj:508)
    clojure.main$null_opt.invokeStatic (main.clj:542)
    clojure.main$null_opt.invoke (main.clj:539)
    clojure.main$main.invokeStatic (main.clj:664)
    clojure.main$main.doInvoke (main.clj:616)
    clojure.lang.RestFn.applyTo (RestFn.java:137)
    clojure.lang.Var.applyTo (Var.java:705)
    clojure.main.main (main.java:40)

ERROR in (unrelated-history-needs-relevance-evidence-not-modern-carrier) (wm09-pre-k456.clj:262)
Uncaught exception, not in assertion.
expected: nil
  actual: clojure.lang.ExceptionInfo: Previous construction validation refused
{:interpretation/refusal :interpretation/invalid-receipt, :construction/refusal :previous-occurrence-unavailable, :file "/tmp/receipt-unrelated1625632735057859139/other/fixture/attempt-002/007-closed.edn", :history/close-file "/tmp/receipt-unrelated1625632735057859139/other/fixture/attempt-002/007-closed.edn", :history/construction-file "/tmp/receipt-unrelated1625632735057859139/other/fixture/attempt-002/003-construction.edn"}
 at futon2.aif.receipt_construction$validated_previous_BANG_.invokeStatic (wm09-pre-k456.clj:262)
    futon2.aif.receipt_construction$validated_previous_BANG_.invoke (wm09-pre-k456.clj:216)
    futon2.aif.receipt_construction$previous_BANG_$fn__21408.invoke (wm09-pre-k456.clj:291)
    futon2.aif.receipt_construction$previous_BANG_.invokeStatic (wm09-pre-k456.clj:290)
    futon2.aif.receipt_construction$previous_BANG_.invoke (wm09-pre-k456.clj:269)
    futon2.aif.receipt_construction_test$fn__20925$fn__20938.invoke (receipt_construction_test.clj:400)
    futon2.aif.receipt_construction_test$fn__20925.invokeStatic (receipt_construction_test.clj:396)
    futon2.aif.receipt_construction_test/fn (receipt_construction_test.clj:391)
    clojure.test$test_var$fn__9856.invoke (test.clj:717)
    clojure.test$test_var.invokeStatic (test.clj:717)
    clojure.test$test_var.invoke (test.clj:708)
    clojure.test$test_vars$fn__9882$fn__9887.invoke (test.clj:735)
    clojure.test$default_fixture.invokeStatic (test.clj:687)
    clojure.test$default_fixture.invoke (test.clj:683)
    clojure.test$test_vars$fn__9882.invoke (test.clj:735)
    clojure.test$default_fixture.invokeStatic (test.clj:687)
    clojure.test$default_fixture.invoke (test.clj:683)
    clojure.test$test_vars.invokeStatic (test.clj:731)
    clojure.test$test_all_vars.invokeStatic (test.clj:737)
    clojure.test$test_ns.invokeStatic (test.clj:758)
    clojure.test$test_ns.invoke (test.clj:743)
    clojure.core$map$fn__5935.invoke (core.clj:2772)
    clojure.lang.LazySeq.sval (LazySeq.java:42)
    clojure.lang.LazySeq.seq (LazySeq.java:51)
    clojure.lang.Cons.next (Cons.java:39)
    clojure.lang.RT.boundedLength (RT.java:1790)
    clojure.lang.RestFn.applyTo (RestFn.java:130)
    clojure.core$apply.invokeStatic (core.clj:669)
    clojure.test$run_tests.invokeStatic (test.clj:768)
    clojure.test$run_tests.doInvoke (test.clj:768)
    clojure.lang.RestFn.invoke (RestFn.java:408)
    user$eval21445.invokeStatic (NO_SOURCE_FILE:1)
    user$eval21445.invoke (NO_SOURCE_FILE:1)
    clojure.lang.Compiler.eval (Compiler.java:7194)
    clojure.lang.Compiler.eval (Compiler.java:7149)
    clojure.core$eval.invokeStatic (core.clj:3215)
    clojure.main$eval_opt.invokeStatic (main.clj:488)
    clojure.main$eval_opt.invoke (main.clj:482)
    clojure.main$initialize.invokeStatic (main.clj:508)
    clojure.main$null_opt.invokeStatic (main.clj:542)
    clojure.main$null_opt.invoke (main.clj:539)
    clojure.main$main.invokeStatic (main.clj:664)
    clojure.main$main.doInvoke (main.clj:616)
    clojure.lang.RestFn.applyTo (RestFn.java:137)
    clojure.lang.Var.applyTo (Var.java:705)
    clojure.main.main (main.java:40)
Caused by: clojure.lang.ExceptionInfo: Receipted construction refused
{:interpretation/refusal :interpretation/invalid-receipt, :construction/refusal :previous-occurrence-unavailable, :file "/tmp/receipt-unrelated1625632735057859139/other/fixture/attempt-002/007-closed.edn"}
 at futon2.aif.receipt_construction$need_BANG_.invokeStatic (wm09-pre-k456.clj:19)
    futon2.aif.receipt_construction$need_BANG_.invoke (wm09-pre-k456.clj:18)
    futon2.aif.receipt_construction$validated_previous_BANG_.invokeStatic (wm09-pre-k456.clj:218)
    futon2.aif.receipt_construction$validated_previous_BANG_.invoke (wm09-pre-k456.clj:216)
    futon2.aif.receipt_construction$previous_BANG_$fn__21408.invoke (wm09-pre-k456.clj:291)
    futon2.aif.receipt_construction$previous_BANG_.invokeStatic (wm09-pre-k456.clj:290)
    futon2.aif.receipt_construction$previous_BANG_.invoke (wm09-pre-k456.clj:269)
    futon2.aif.receipt_construction_test$fn__20925$fn__20938.invoke (receipt_construction_test.clj:400)
    futon2.aif.receipt_construction_test$fn__20925.invokeStatic (receipt_construction_test.clj:396)
    futon2.aif.receipt_construction_test/fn (receipt_construction_test.clj:391)
    clojure.test$test_var$fn__9856.invoke (test.clj:717)
    clojure.test$test_var.invokeStatic (test.clj:717)
    clojure.test$test_var.invoke (test.clj:708)
    clojure.test$test_vars$fn__9882$fn__9887.invoke (test.clj:735)
    clojure.test$default_fixture.invokeStatic (test.clj:687)
    clojure.test$default_fixture.invoke (test.clj:683)
    clojure.test$test_vars$fn__9882.invoke (test.clj:735)
    clojure.test$default_fixture.invokeStatic (test.clj:687)
    clojure.test$default_fixture.invoke (test.clj:683)
    clojure.test$test_vars.invokeStatic (test.clj:731)
    clojure.test$test_all_vars.invokeStatic (test.clj:737)
    clojure.test$test_ns.invokeStatic (test.clj:758)
    clojure.test$test_ns.invoke (test.clj:743)
    clojure.core$map$fn__5935.invoke (core.clj:2772)
    clojure.lang.LazySeq.sval (LazySeq.java:42)
    clojure.lang.LazySeq.seq (LazySeq.java:51)
    clojure.lang.Cons.next (Cons.java:39)
    clojure.lang.RT.boundedLength (RT.java:1790)
    clojure.lang.RestFn.applyTo (RestFn.java:130)
    clojure.core$apply.invokeStatic (core.clj:669)
    clojure.test$run_tests.invokeStatic (test.clj:768)
    clojure.test$run_tests.doInvoke (test.clj:768)
    clojure.lang.RestFn.invoke (RestFn.java:408)
    user$eval21445.invokeStatic (NO_SOURCE_FILE:1)
    user$eval21445.invoke (NO_SOURCE_FILE:1)
    clojure.lang.Compiler.eval (Compiler.java:7194)
    clojure.lang.Compiler.eval (Compiler.java:7149)
    clojure.core$eval.invokeStatic (core.clj:3215)
    clojure.main$eval_opt.invokeStatic (main.clj:488)
    clojure.main$eval_opt.invoke (main.clj:482)
    clojure.main$initialize.invokeStatic (main.clj:508)
    clojure.main$null_opt.invokeStatic (main.clj:542)
    clojure.main$null_opt.invoke (main.clj:539)
    clojure.main$main.invokeStatic (main.clj:664)
    clojure.main$main.doInvoke (main.clj:616)
    clojure.lang.RestFn.applyTo (RestFn.java:137)
    clojure.lang.Var.applyTo (Var.java:705)
    clojure.main.main (main.java:40)

Ran 16 tests containing 167 assertions.
11 failures, 2 errors.
