
Running tests in #{"test"}

Testing futon2.aif.selection-always-test
[wm-full-loop] REFUSING: serving runner source drifts from /home/joe/code/futon2/src/futon2/aif/full_loop_runner.clj; reload the namespace from the canonical checkout before running attempts.

ERROR in (recoverable-memory-cannot-divert-after-construction) (full_loop_runner.clj:495)
Uncaught exception, not in assertion.
expected: nil
  actual: clojure.lang.ExceptionInfo: Serving runner source drifts from the canonical checkout
{:outcome :build-failed, :failure-kind :stale-runner-source, :failure-stage :runner-source, :runner/source #:runner{:source-check :drift, :loaded-sha256 "511fbe98da759edad7a9b0de5e35eb6470ce8a3c98d322d768b68e529752cce1", :canonical-sha256 "71a53b0c8c51d7276fd851ac9e95771166c6f0db6d8d4902e32ba075ea64e0b1"}}
 at futon2.aif.full_loop_runner$refuse_on_runner_source_drift_BANG_.invokeStatic (full_loop_runner.clj:495)
    futon2.aif.full_loop_runner$refuse_on_runner_source_drift_BANG_.invoke (full_loop_runner.clj:483)
    futon2.aif.full_loop_runner$run_opportunity_BANG_.invokeStatic (full_loop_runner.clj:4688)
    futon2.aif.full_loop_runner$run_opportunity_BANG_.invoke (full_loop_runner.clj:4665)
    futon2.aif.selection_always_test$fn__25768.invokeStatic (selection_always_test.clj:66)
    futon2.aif.selection_always_test/fn (selection_always_test.clj:61)
    clojure.test$test_var$fn__9856.invoke (test.clj:717)
    clojure.test$test_var.invokeStatic (test.clj:717)
    clojure.test$test_var.invoke (test.clj:708)
    clojure.test$test_vars$fn__9882$fn__9887.invoke (test.clj:735)
    futon2.aif.selection_always_test$eval25685$fn__25686.invoke (selection_always_test.clj:9)
    clojure.test$compose_fixtures$fn__9850$fn__9851.invoke (test.clj:694)
    clojure.test$default_fixture.invokeStatic (test.clj:687)
    clojure.test$default_fixture.invoke (test.clj:683)
    clojure.test$compose_fixtures$fn__9850.invoke (test.clj:694)
    clojure.test$test_vars$fn__9882.invoke (test.clj:735)
    clojure.core$with_redefs_fn.invokeStatic (core.clj:7582)
    clojure.core$with_redefs_fn.invoke (core.clj:7566)
    futon2.aif.full_loop_runner_test$with_hermetic_traces.invokeStatic (full_loop_runner_test.clj:34)
    futon2.aif.full_loop_runner_test$with_hermetic_traces.invoke (full_loop_runner_test.clj:26)
    clojure.test$compose_fixtures$fn__9850$fn__9851.invoke (test.clj:694)
    futon2.aif.hermetic_repair_fixture$with_hermetic_stores$fn__20187.invoke (hermetic_repair_fixture.clj:37)
    clojure.core$with_redefs_fn.invokeStatic (core.clj:7582)
    clojure.core$with_redefs_fn.invoke (core.clj:7566)
    futon2.aif.hermetic_repair_fixture$with_hermetic_stores.invokeStatic (hermetic_repair_fixture.clj:35)
    futon2.aif.hermetic_repair_fixture$with_hermetic_stores.invoke (hermetic_repair_fixture.clj:26)
    clojure.test$compose_fixtures$fn__9850$fn__9851.invoke (test.clj:694)
    clojure.test$default_fixture.invokeStatic (test.clj:687)
    clojure.test$default_fixture.invoke (test.clj:683)
    clojure.test$compose_fixtures$fn__9850.invoke (test.clj:694)
    clojure.test$compose_fixtures$fn__9850.invoke (test.clj:694)
    clojure.test$test_vars.invokeStatic (test.clj:731)
    clojure.test$test_all_vars.invokeStatic (test.clj:737)
    clojure.test$test_ns.invokeStatic (test.clj:758)
    clojure.test$test_ns.invoke (test.clj:743)
    clojure.core$map$fn__5935.invoke (core.clj:2772)
    clojure.lang.LazySeq.sval (LazySeq.java:42)
    clojure.lang.LazySeq.seq (LazySeq.java:51)
    clojure.lang.Cons.next (Cons.java:39)
    clojure.lang.RT.boundedLength (RT.java:1790)
    clojure.lang.RestFn.applyTo (RestFn.java:130)
    clojure.core$apply.invokeStatic (core.clj:669)
    clojure.test$run_tests.invokeStatic (test.clj:768)
    clojure.test$run_tests.doInvoke (test.clj:768)
    clojure.lang.RestFn.applyTo (RestFn.java:137)
    clojure.core$apply.invokeStatic (core.clj:667)
    clojure.core$apply.invoke (core.clj:662)
    cognitect.test_runner$test.invokeStatic (test_runner.clj:74)
    cognitect.test_runner$test.invoke (test_runner.clj:62)
    cognitect.test_runner$_main.invokeStatic (test_runner.clj:127)
    cognitect.test_runner$_main.doInvoke (test_runner.clj:115)
    clojure.lang.RestFn.applyTo (RestFn.java:137)
    clojure.lang.Var.applyTo (Var.java:705)
    clojure.core$apply.invokeStatic (core.clj:667)
    clojure.main$main_opt.invokeStatic (main.clj:514)
    clojure.main$main_opt.invoke (main.clj:510)
    clojure.main$main.invokeStatic (main.clj:664)
    clo[wm-full-loop] REFUSING: serving runner source drifts from /home/joe/code/futon2/src/futon2/aif/full_loop_runner.clj; reload the namespace from the canonical checkout before running attempts.
jure.main$main.doInvoke (main.clj:616)
    clojure.lang.RestFn.applyTo (RestFn.java:137)
    clojure.lang.Var.applyTo (Var.java:705)
    clojure.main.main (main.java:40)

ERROR in (no-open-repairs-preserves-ordinary-selection) (full_loop_runner.clj:495)
Uncaught exception, not in assertion.
expected: nil
  actual: clojure.lang.ExceptionInfo: Serving runner source drifts from the canonical checkout
{:outcome :build-failed, :failure-kind :stale-runner-source, :failure-stage :runner-source, :runner/source #:runner{:source-check :drift, :loaded-sha256 "511fbe98da759edad7a9b0de5e35eb6470ce8a3c98d322d768b68e529752cce1", :canonical-sha256 "71a53b0c8c51d7276fd851ac9e95771166c6f0db6d8d4902e32ba075ea64e0b1"}}
 at futon2.aif.full_loop_runner$refuse_on_runner_source_drift_BANG_.invokeStatic (full_loop_runner.clj:495)
    futon2.aif.full_loop_runner$refuse_on_runner_source_drift_BANG_.invoke (full_loop_runner.clj:483)
    futon2.aif.full_loop_runner$run_opportunity_BANG_.invokeStatic (full_loop_runner.clj:4688)
    futon2.aif.full_loop_runner$run_opportunity_BANG_.invoke (full_loop_runner.clj:4665)
    futon2.aif.selection_always_test$selection_run.invokeStatic (selection_always_test.clj:19)
    futon2.aif.selection_always_test$selection_run.invoke (selection_always_test.clj:17)
    futon2.aif.selection_always_test$fn__25742.invokeStatic (selection_always_test.clj:52)
    futon2.aif.selection_always_test/fn (selection_always_test.clj:51)
    clojure.test$test_var$fn__9856.invoke (test.clj:717)
    clojure.test$test_var.invokeStatic (test.clj:717)
    clojure.test$test_var.invoke (test.clj:708)
    clojure.test$test_vars$fn__9882$fn__9887.invoke (test.clj:735)
    futon2.aif.selection_always_test$eval25685$fn__25686.invoke (selection_always_test.clj:9)
    clojure.test$compose_fixtures$fn__9850$fn__9851.invoke (test.clj:694)
    clojure.test$default_fixture.invokeStatic (test.clj:687)
    clojure.test$default_fixture.invoke (test.clj:683)
    clojure.test$compose_fixtures$fn__9850.invoke (test.clj:694)
    clojure.test$test_vars$fn__9882.invoke (test.clj:735)
    clojure.core$with_redefs_fn.invokeStatic (core.clj:7582)
    clojure.core$with_redefs_fn.invoke (core.clj:7566)
    futon2.aif.full_loop_runner_test$with_hermetic_traces.invokeStatic (full_loop_runner_test.clj:34)
    futon2.aif.full_loop_runner_test$with_hermetic_traces.invoke (full_loop_runner_test.clj:26)
    clojure.test$compose_fixtures$fn__9850$fn__9851.invoke (test.clj:694)
    futon2.aif.hermetic_repair_fixture$with_hermetic_stores$fn__20187.invoke (hermetic_repair_fixture.clj:37)
    clojure.core$with_redefs_fn.invokeStatic (core.clj:7582)
    clojure.core$with_redefs_fn.invoke (core.clj:7566)
    futon2.aif.hermetic_repair_fixture$with_hermetic_stores.invokeStatic (hermetic_repair_fixture.clj:35)
    futon2.aif.hermetic_repair_fixture$with_hermetic_stores.invoke (hermetic_repair_fixture.clj:26)
    clojure.test$compose_fixtures$fn__9850$fn__9851.invoke (test.clj:694)
    clojure.test$default_fixture.invokeStatic (test.clj:687)
    clojure.test$default_fixture.invoke (test.clj:683)
    clojure.test$compose_fixtures$fn__9850.invoke (test.clj:694)
    clojure.test$compose_fixtures$fn__9850.invoke (test.clj:694)
    clojure.test$test_vars.invokeStatic (test.clj:731)
    clojure.test$test_all_vars.invokeStatic (test.clj:737)
    clojure.test$test_ns.invokeStatic (test.clj:758)
    clojure.test$test_ns.invoke (test.clj:743)
    clojure.core$map$fn__5935.invoke (core.clj:2772)
    clojure.lang.LazySeq.sval (LazySeq.java:42)
    clojure.lang.LazySeq.seq (LazySeq.java:51)
    clojure.lang.Cons.next (Cons.java:39)
    clojure.lang.RT.boundedLength (RT.java:1790)
    clojure.lang.RestFn.applyTo (RestFn.java:130)
    clojure.core$apply.invokeStatic (core.clj:669)
    clojure.test$run_tests.invokeStatic (test.clj:768)
    clojure.test$run_tests.doInvoke (test.clj:768)
    clojure.lang.RestFn.applyTo (RestFn.java:137)
    clojure.core$apply.invokeStatic (core.clj:667)
    clojure.core$apply.invoke (core.clj:662)
    cognitect.test_runner$test.invokeStatic (test_runner.clj:74)
    cognitect.test_runner$test.invoke (test_runner.clj:62)
    cognitect.test_runner$_main.invokeStatic (test_runner.clj:127)
    cognitect.test_runner$_main.doInvoke (test_runner.clj:115)
    clojure.lang.RestFn.applyTo (RestFn.java:137)
    clojure.lang.Var.applyTo (Var.java:705)
    clojure.core$apply.inv[wm-full-loop] REFUSING: serving runner source drifts from /home/joe/code/futon2/src/futon2/aif/full_loop_runner.clj; reload the namespace from the canonical checkout before running attempts.
okeStatic (core.clj:667)
    clojure.main$main_opt.invokeStatic (main.clj:514)
    clojure.main$main_opt.invoke (main.clj:510)
    clojure.main$main.invokeStatic (main.clj:664)
    clojure.main$main.doInvoke (main.clj:616)
    clojure.lang.RestFn.applyTo (RestFn.java:137)
    clojure.lang.Var.applyTo (Var.java:705)
    clojure.main.main (main.java:40)

ERROR in (explicit-historical-action-binds-its-selected-obligation) (full_loop_runner.clj:495)
Uncaught exception, not in assertion.
expected: nil
  actual: clojure.lang.ExceptionInfo: Serving runner source drifts from the canonical checkout
{:outcome :build-failed, :failure-kind :stale-runner-source, :failure-stage :runner-source, :runner/source #:runner{:source-check :drift, :loaded-sha256 "511fbe98da759edad7a9b0de5e35eb6470ce8a3c98d322d768b68e529752cce1", :canonical-sha256 "71a53b0c8c51d7276fd851ac9e95771166c6f0db6d8d4902e32ba075ea64e0b1"}}
 at futon2.aif.full_loop_runner$refuse_on_runner_source_drift_BANG_.invokeStatic (full_loop_runner.clj:495)
    futon2.aif.full_loop_runner$refuse_on_runner_source_drift_BANG_.invoke (full_loop_runner.clj:483)
    futon2.aif.full_loop_runner$run_opportunity_BANG_.invokeStatic (full_loop_runner.clj:4688)
    futon2.aif.full_loop_runner$run_opportunity_BANG_.invoke (full_loop_runner.clj:4665)
    futon2.aif.selection_always_test$fn__25791.invokeStatic (selection_always_test.clj:96)
    futon2.aif.selection_always_test/fn (selection_always_test.clj:84)
    clojure.test$test_var$fn__9856.invoke (test.clj:717)
    clojure.test$test_var.invokeStatic (test.clj:717)
    clojure.test$test_var.invoke (test.clj:708)
    clojure.test$test_vars$fn__9882$fn__9887.invoke (test.clj:735)
    futon2.aif.selection_always_test$eval25685$fn__25686.invoke (selection_always_test.clj:9)
    clojure.test$compose_fixtures$fn__9850$fn__9851.invoke (test.clj:694)
    clojure.test$default_fixture.invokeStatic (test.clj:687)
    clojure.test$default_fixture.invoke (test.clj:683)
    clojure.test$compose_fixtures$fn__9850.invoke (test.clj:694)
    clojure.test$test_vars$fn__9882.invoke (test.clj:735)
    clojure.core$with_redefs_fn.invokeStatic (core.clj:7582)
    clojure.core$with_redefs_fn.invoke (core.clj:7566)
    futon2.aif.full_loop_runner_test$with_hermetic_traces.invokeStatic (full_loop_runner_test.clj:34)
    futon2.aif.full_loop_runner_test$with_hermetic_traces.invoke (full_loop_runner_test.clj:26)
    clojure.test$compose_fixtures$fn__9850$fn__9851.invoke (test.clj:694)
    futon2.aif.hermetic_repair_fixture$with_hermetic_stores$fn__20187.invoke (hermetic_repair_fixture.clj:37)
    clojure.core$with_redefs_fn.invokeStatic (core.clj:7582)
    clojure.core$with_redefs_fn.invoke (core.clj:7566)
    futon2.aif.hermetic_repair_fixture$with_hermetic_stores.invokeStatic (hermetic_repair_fixture.clj:35)
    futon2.aif.hermetic_repair_fixture$with_hermetic_stores.invoke (hermetic_repair_fixture.clj:26)
    clojure.test$compose_fixtures$fn__9850$fn__9851.invoke (test.clj:694)
    clojure.test$default_fixture.invokeStatic (test.clj:687)
    clojure.test$default_fixture.invoke (test.clj:683)
    clojure.test$compose_fixtures$fn__9850.invoke (test.clj:694)
    clojure.test$compose_fixtures$fn__9850.invoke (test.clj:694)
    clojure.test$test_vars.invokeStatic (test.clj:731)
    clojure.test$test_all_vars.invokeStatic (test.clj:737)
    clojure.test$test_ns.invokeStatic (test.clj:758)
    clojure.test$test_ns.invoke (test.clj:743)
    clojure.core$map$fn__5935.invoke (core.clj:2772)
    clojure.lang.LazySeq.sval (LazySeq.java:42)
    clojure.lang.LazySeq.seq (LazySeq.java:51)
    clojure.lang.Cons.next (Cons.java:39)
    clojure.lang.RT.boundedLength (RT.java:1790)
    clojure.lang.RestFn.applyTo (RestFn.java:130)
    clojure.core$apply.invokeStatic (core.clj:669)
    clojure.test$run_tests.invokeStatic (test.clj:768)
    clojure.test$run_tests.doInvoke (test.clj:768)
    clojure.lang.RestFn.applyTo (RestFn.java:137)
    clojure.core$apply.invokeStatic (core.clj:667)
    clojure.core$apply.invoke (core.clj:662)
    cognitect.test_runner$test.invokeStatic (test_runner.clj:74)
    cognitect.test_runner$test.invoke (test_runner.clj:62)
    cognitect.test_runner$_main.invokeStatic (test_runner.clj:127)
    cognitect.test_runner$_main.doInvoke (test_runner.clj:115)
    clojure.lang.RestFn.applyTo (RestFn.java:137)
    clojure.lang.Var.applyTo (Var.java:705)
    clojure.core$apply.invokeStatic (core.clj:667)
    clojure.main$main_opt.invokeStatic (main.clj:514)
    clojure.main$main_opt.invoke (main.clj:510)
    clojure.main$main.invokeStatic (main.clj:664)
    clo[wm-full-loop] REFUSING: serving runner source drifts from /home/joe/code/futon2/src/futon2/aif/full_loop_runner.clj; reload the namespace from the canonical checkout before running attempts.
jure.main$main.doInvoke (main.clj:616)
    clojure.lang.RestFn.applyTo (RestFn.java:137)
    clojure.lang.Var.applyTo (Var.java:705)
    clojure.main.main (main.java:40)

ERROR in (open-repairs-are-evidence-not-selection-preemption) (full_loop_runner.clj:495)
Uncaught exception, not in assertion.
expected: nil
  actual: clojure.lang.ExceptionInfo: Serving runner source drifts from the canonical checkout
{:outcome :build-failed, :failure-kind :stale-runner-source, :failure-stage :runner-source, :runner/source #:runner{:source-check :drift, :loaded-sha256 "511fbe98da759edad7a9b0de5e35eb6470ce8a3c98d322d768b68e529752cce1", :canonical-sha256 "71a53b0c8c51d7276fd851ac9e95771166c6f0db6d8d4902e32ba075ea64e0b1"}}
 at futon2.aif.full_loop_runner$refuse_on_runner_source_drift_BANG_.invokeStatic (full_loop_runner.clj:495)
    futon2.aif.full_loop_runner$refuse_on_runner_source_drift_BANG_.invoke (full_loop_runner.clj:483)
    futon2.aif.full_loop_runner$run_opportunity_BANG_.invokeStatic (full_loop_runner.clj:4688)
    futon2.aif.full_loop_runner$run_opportunity_BANG_.invoke (full_loop_runner.clj:4665)
    futon2.aif.selection_always_test$selection_run.invokeStatic (selection_always_test.clj:19)
    futon2.aif.selection_always_test$selection_run.invoke (selection_always_test.clj:17)
    futon2.aif.selection_always_test$fn__25696.invokeStatic (selection_always_test.clj:35)
    futon2.aif.selection_always_test/fn (selection_always_test.clj:34)
    clojure.test$test_var$fn__9856.invoke (test.clj:717)
    clojure.test$test_var.invokeStatic (test.clj:717)
    clojure.test$test_var.invoke (test.clj:708)
    clojure.test$test_vars$fn__9882$fn__9887.invoke (test.clj:735)
    futon2.aif.selection_always_test$eval25685$fn__25686.invoke (selection_always_test.clj:9)
    clojure.test$compose_fixtures$fn__9850$fn__9851.invoke (test.clj:694)
    clojure.test$default_fixture.invokeStatic (test.clj:687)
    clojure.test$default_fixture.invoke (test.clj:683)
    clojure.test$compose_fixtures$fn__9850.invoke (test.clj:694)
    clojure.test$test_vars$fn__9882.invoke (test.clj:735)
    clojure.core$with_redefs_fn.invokeStatic (core.clj:7582)
    clojure.core$with_redefs_fn.invoke (core.clj:7566)
    futon2.aif.full_loop_runner_test$with_hermetic_traces.invokeStatic (full_loop_runner_test.clj:34)
    futon2.aif.full_loop_runner_test$with_hermetic_traces.invoke (full_loop_runner_test.clj:26)
    clojure.test$compose_fixtures$fn__9850$fn__9851.invoke (test.clj:694)
    futon2.aif.hermetic_repair_fixture$with_hermetic_stores$fn__20187.invoke (hermetic_repair_fixture.clj:37)
    clojure.core$with_redefs_fn.invokeStatic (core.clj:7582)
    clojure.core$with_redefs_fn.invoke (core.clj:7566)
    futon2.aif.hermetic_repair_fixture$with_hermetic_stores.invokeStatic (hermetic_repair_fixture.clj:35)
    futon2.aif.hermetic_repair_fixture$with_hermetic_stores.invoke (hermetic_repair_fixture.clj:26)
    clojure.test$compose_fixtures$fn__9850$fn__9851.invoke (test.clj:694)
    clojure.test$default_fixture.invokeStatic (test.clj:687)
    clojure.test$default_fixture.invoke (test.clj:683)
    clojure.test$compose_fixtures$fn__9850.invoke (test.clj:694)
    clojure.test$compose_fixtures$fn__9850.invoke (test.clj:694)
    clojure.test$test_vars.invokeStatic (test.clj:731)
    clojure.test$test_all_vars.invokeStatic (test.clj:737)
    clojure.test$test_ns.invokeStatic (test.clj:758)
    clojure.test$test_ns.invoke (test.clj:743)
    clojure.core$map$fn__5935.invoke (core.clj:2772)
    clojure.lang.LazySeq.sval (LazySeq.java:42)
    clojure.lang.LazySeq.seq (LazySeq.java:51)
    clojure.lang.Cons.next (Cons.java:39)
    clojure.lang.RT.boundedLength (RT.java:1790)
    clojure.lang.RestFn.applyTo (RestFn.java:130)
    clojure.core$apply.invokeStatic (core.clj:669)
    clojure.test$run_tests.invokeStatic (test.clj:768)
    clojure.test$run_tests.doInvoke (test.clj:768)
    clojure.lang.RestFn.applyTo (RestFn.java:137)
    clojure.core$apply.invokeStatic (core.clj:667)
    clojure.core$apply.invoke (core.clj:662)
    cognitect.test_runner$test.invokeStatic (test_runner.clj:74)
    cognitect.test_runner$test.invoke (test_runner.clj:62)
    cognitect.test_runner$_main.invokeStatic (test_runner.clj:127)
    cognitect.test_runner$_main.doInvoke (test_runner.clj:115)
    clojure.lang.RestFn.applyTo (RestFn.java:137)
    clojure.lang.Var.applyTo (Var.java:705)
    clojure.core$apply.invokeStatic (core.clj:667)
    clojure.main$main_opt.invokeStatic (main.clj:514)
    clojure.main$main_opt.invoke (main.clj:510)
    clojure.main$main.invokeStatic (main.clj:664)
    clojure.main$main.doInvoke (main.clj:616)
    clojure.lang.RestFn.applyTo (RestFn.java:137)
    clojure.lang.Var.applyTo (Var.java:705)
    clojure.main.main (main.java:40)

Ran 4 tests containing 6 assertions.
0 failures, 4 errors.
