DarkTower/WarMachine/FullCertificateRecordConnectionBinding.lean:132:18: error: Application type mismatch: The argument
  (h.right.right.right.right.right s hs).left.right.right.left
has type
  s.toNode ≠ ""
but is expected to have type
  s.connectionId = s.fromNode ++ "->" ++ s.toNode
in the application
  hendpoint (h.right.right.right.right.right s hs).left.right.right.left
'DarkTower.WarMachine.FullCertificateRecordConnectionBinding.recordConnectionBound_implies_eventBound' depends on axioms: [propext,
 Classical.choice,
 Quot.sound]
'DarkTower.WarMachine.FullCertificateRecordConnectionBinding.recordConnectionBound_implies_full' depends on axioms: [propext,
 Classical.choice,
 Quot.sound]
'DarkTower.WarMachine.FullCertificateRecordConnectionBinding.rejects_cross_run_family_reuse' depends on axioms: [propext,
 Classical.choice,
 Quot.sound]
'DarkTower.WarMachine.FullCertificateRecordConnectionBinding.rejects_missing_family' depends on axioms: [propext,
 Classical.choice,
 Quot.sound]
'DarkTower.WarMachine.FullCertificateRecordConnectionBinding.rejects_mismatched_family_evidence_source' depends on axioms: [propext,
 Classical.choice,
 Quot.sound]
'DarkTower.WarMachine.FullCertificateRecordConnectionBinding.rejects_cross_run_edge_reuse' depends on axioms: [propext,
 Classical.choice,
 Quot.sound]
'DarkTower.WarMachine.FullCertificateRecordConnectionBinding.rejects_wrong_connection_endpoint' depends on axioms: [propext,
 sorryAx,
 Classical.choice,
 Quot.sound]
'DarkTower.WarMachine.FullCertificateRecordConnectionBinding.rejects_wrong_connection_classification' depends on axioms: [propext,
 Classical.choice,
 Quot.sound]
'DarkTower.WarMachine.FullCertificateRecordConnectionBinding.rejects_stale_causal_reference' depends on axioms: [propext,
 Classical.choice,
 Quot.sound]
