  ActGateNegative.lean ... exit 0 (1654 ms)
  AlivenessNegative.lean ... exit 0 (1780 ms)
  AmbiguityWitness.lean ... exit 0 (1768 ms)
  BayesFactorThresholdNegative.lean ... exit 0 (1778 ms)
  BayesFactorThresholdWitness.lean ... exit 0 (1897 ms)
  BayesianModelReductionNegative.lean ... exit 0 (1809 ms)
  BayesianModelReductionWitness.lean ... exit 0 (1648 ms)
  BeliefStateWitness.lean ... exit 0 (1669 ms)
  BeliefUpdateFalsifier.lean ... exit 0 (1643 ms)
  CascadeOrder.lean ... exit 0 (454 ms)
  ChannelWitness.lean ... exit 0 (1564 ms)
  CohortNegative.lean ... exit 0 (1539 ms)
  CommitmentTemperature.lean ... exit 0 (540 ms)
  ContractEmitter.lean ... exit 0 (518 ms)
  ControlVocabularyNegative.lean ... exit 0 (1652 ms)
  CoverageReport.lean ... exit 0 (517 ms)
  DirichletConcentrationsEmptyNegative.lean ... exit 0 (1594 ms)
  DirichletConcentrationsNegative.lean ... exit 0 (1686 ms)
  DirichletConcentrationsWitness.lean ... exit 0 (1522 ms)
  DirichletConcentrationsZeroNegative.lean ... exit 0 (1665 ms)
  ExpectedFreeEnergyWitness.lean ... exit 0 (1667 ms)
  ExpectedInformationGainWitness.lean ... exit 0 (1619 ms)
  FoldEscrowRecordWitness.lean ... exit 0 (1539 ms)
  FoldNegative.lean ... exit 0 (1540 ms)
  FoldWitness.lean ... exit 0 (1658 ms)
  GainChain.lean ... exit 0 (618 ms)
  GenerativeModelNegative.lean ... exit 0 (1691 ms)
  GenerativeModelWitness.lean ... exit 0 (1752 ms)
  HaveWantArrowNegative.lean ... exit 0 (1545 ms)
  HaveWantArrowWitness.lean ... exit 0 (1533 ms)
  Holes.lean ... exit 0 (5115 ms)
  LogMultivariateBetaWitness.lean ... exit 0 (1575 ms)
  MachineAction.lean ... exit 0 (2783 ms)
  MachineActionWitness.lean ... exit 0 (2955 ms)
  MachineBeliefState.lean ... exit 0 (1773 ms)
  MachineBeliefStateWitness.lean ... exit 0 (1813 ms)
  MachineBeliefUpdate.lean ... exit 0 (1685 ms)
  MachineBeliefUpdateWitness.lean ... exit 0 (1662 ms)
  MachineDepth.lean ... exit 0 (2753 ms)
  MachineDepthWitness.lean ... exit 0 (2679 ms)
  MachineObservation.lean ... exit 0 (1541 ms)
  MachineObservationWitness.lean ... exit 0 (1495 ms)
  MachinePolicyFreeEnergy.lean ... exit 0 (1634 ms)
  MachinePolicyFreeEnergyWitness.lean ... exit 0 (1651 ms)
  MachinePrecision.lean ... exit 0 (1789 ms)
  MachinePrecisionWitness.lean ... exit 0 (1787 ms)
  MachinePredictionError.lean ... exit 0 (2214 ms)
  MachinePredictionErrorWitness.lean ... exit 0 (1896 ms)
  MachineQ.lean ... exit 0 (1695 ms)
  MachineQWitness.lean ... exit 0 (2017 ms)
  MachineTemperature.lean ... exit 0 (2990 ms)
  MachineTemperatureWitness.lean ... exit 0 (2819 ms)
  MachineVocabularyWitness.lean ... exit 0 (1775 ms)
  ModelReductionFreeEnergyChangeTypeNegative.lean ... exit 0 (1566 ms)
  ModelReductionFreeEnergyChangeValueNegative.lean ... exit 0 (1599 ms)
  ModelReductionFreeEnergyChangeWitness.lean ... exit 0 (1705 ms)
  ModelUncertaintyEIGCollapsedNegative.lean ... exit 0 (1628 ms)
  ObservationKernelWitness.lean ... exit 0 (1663 ms)
  ObservationVectorOutcomeNegative.lean ... exit 0 (1680 ms)
  ObservationVectorPartialNegative.lean ... exit 0 (1594 ms)
  ObservationVectorWitness.lean ... exit 0 (1610 ms)
  ParameterPosteriorKernelOutcomeNegative.lean ... exit 0 (1599 ms)
  ParameterPosteriorKernelPriorNegative.lean ... exit 0 (1582 ms)
  ParameterPosteriorKernelWitness.lean ... exit 0 (1536 ms)
  ParameterPriorKernelHabitNegative.lean ... exit 0 (1619 ms)
  ParameterPriorKernelOutcomeNegative.lean ... exit 0 (1672 ms)
  ParameterPriorKernelWitness.lean ... exit 0 (1619 ms)
  PolicyGrade.lean ... exit 0 (467 ms)
  PolicyPriorKernelNegative.lean ... exit 0 (1641 ms)
  PolicyPriorKernelWitness.lean ... exit 0 (1609 ms)
  PrecisionNegative.lean ... exit 0 (1526 ms)
  PrecisionWitness.lean ... exit 0 (1618 ms)
  PredictionErrorNegative.lean ... exit 0 (1650 ms)
  PredictionErrorWitness.lean ... exit 0 (1639 ms)
  PredictiveOutcomeKernelSoftmaxNegative.lean ... exit 0 (1577 ms)
  PredictiveOutcomeKernelUnconditionalNegative.lean ... exit 0 (1637 ms)
  PredictiveOutcomeKernelWitness.lean ... exit 0 (1632 ms)
  PredictiveOutcomeRiskWitness.lean ... exit 0 (1753 ms)
  PreferenceDistributionConditioningNegative.lean ... exit 0 (1625 ms)
  PreferenceDistributionPragmaticCostNegative.lean ... exit 0 (1701 ms)
  PreferenceDistributionWitness.lean ... exit 0 (1635 ms)
  Run4Preregistration.lean ... exit 0 (1888 ms)
  SoftmaxNegative.lean ... exit 0 (1798 ms)
  SoftmaxWitness.lean ... exit 0 (1579 ms)
  TransitionKernelBetaNegative.lean ... exit 0 (1512 ms)
  TransitionKernelUncontrolledNegative.lean ... exit 0 (1536 ms)
  TransitionKernelWitness.lean ... exit 0 (1640 ms)
  VariationalFreeEnergyNegative.lean ... exit 0 (1665 ms)
  VariationalFreeEnergyWitness.lean ... exit 0 (1632 ms)

lean_state_probe: 89 modules, 1077 declarations, 14650 source lines
lean_state_probe: type-check all-modules-elaborate-exit-zero -- 89/89 exit 0, 0 error diagnostics, 151810 ms
lean_state_probe: sorry 10 source / 10 Lean-reported (exact-by-location); axioms 0
lean_state_probe: glossary join 48/56 resolve; equation carriers 17/18 declared, 17 resolve
lean_state_probe: wrote runs/F8-action/lean-state-join-after.edn
