
Running tests in #{"test"}

Testing futon2.aif.repair-proposals-test

ERROR in (no-committed-closure-witness-means-no-executable-repair) (decision_gate.clj:53)
Uncaught exception, not in assertion.
expected: nil
  actual: clojure.lang.ExceptionInfo: Inadmissible decision
{:error :inadmissible-decision, :reason :unknown-refusal-kind, :detail {:refusal {:target "T-repair-waiting", :kind :repair-closure-observation-unavailable, :missing :produced-resolution-evidence}}}
 at futon2.aif.decision_gate$refuse_BANG_.invokeStatic (decision_gate.clj:53)
    futon2.aif.decision_gate$refuse_BANG_.invoke (decision_gate.clj:51)
    futon2.aif.decision_gate$check_abstention_BANG_.invokeStatic (decision_gate.clj:215)
    futon2.aif.decision_gate$check_abstention_BANG_.invoke (decision_gate.clj:206)
    futon2.aif.decision_gate$emit_BANG_.invokeStatic (decision_gate.clj:224)
    futon2.aif.decision_gate$emit_BANG_.invoke (decision_gate.clj:217)
    futon2.report.war_machine$cascade_decision_admitted.invokeStatic (war_machine.clj:6045)
    futon2.report.war_machine$cascade_decision_admitted.invoke (war_machine.clj:6011)
    futon2.report.war_machine$cascade_decision.invokeStatic (war_machine.clj:6318)
    futon2.report.war_machine$cascade_decision.invoke (war_machine.clj:6304)
    futon2.aif.repair_proposals_test$fn__16482$fn__16483.invoke (repair_proposals_test.clj:106)
    futon2.aif.repair_proposals_test$with_store.invokeStatic (repair_proposals_test.clj:14)
    futon2.aif.repair_proposals_test$with_store.invoke (repair_proposals_test.clj:12)
    futon2.aif.repair_proposals_test$fn__16482.invokeStatic (repair_proposals_test.clj:96)
    futon2.aif.repair_proposals_test/fn (repair_proposals_test.clj:95)
    clojure.test$test_var$fn__9856.invoke (test.clj:717)
    clojure.test$test_var.invokeStatic (test.clj:717)
    clojure.test$test_var.invoke (test.clj:708)
    clojure.test$test_vars$fn__9882$fn__9887.invoke (test.clj:735)
    clojure.test$default_fixture.invokeStatic (test.clj:687)
    clojure.test$default_fixture.invoke (test.clj:683)
    clojure.test$test_vars$fn__9882.invoke (test.clj:735)
    clojure.test$default_fixture.invokeStatic (test.clj:687)
    clojure.test$default_fixture.invoke (test.clj:683)
    clojure.test$test_vars.invokeStatic (test.clj:731)
    clojure.test$test_all_vars.invokeStatic (test.clj:737)
    clojure.test$test_ns.invokeStatic (test.clj:758)
    clojure.test$test_ns.invoke (test.clj:743)
    clojure.core$map$fn__5935.invoke (core.clj:2772)
    clojure.lang.LazySeq.sval (LazySeq.java:42)
    clojure.lang.LazySeq.seq (LazySeq.java:51)
    clojure.lang.Cons.next (Cons.java:39)
    clojure.lang.RT.boundedLength (RT.java:1790)
    clojure.lang.RestFn.applyTo (RestFn.java:130)
    clojure.core$apply.invokeStatic (core.clj:669)
    clojure.test$run_tests.invokeStatic (test.clj:768)
    clojure.test$run_tests.doInvoke (test.clj:768)
    clojure.lang.RestFn.applyTo (RestFn.java:137)
    clojure.core$apply.invokeStatic (core.clj:667)
    clojure.core$apply.invoke (core.clj:662)
    cognitect.test_runner$test.invokeStatic (test_runner.clj:74)
    cognitect.test_runner$test.invoke (test_runner.clj:62)
    cognitect.test_runner$_main.invokeStatic (test_runner.clj:127)
    cognitect.test_runner$_main.doInvoke (test_runner.clj:115)
    clojure.lang.RestFn.applyTo (RestFn.java:137)
    clojure.lang.Var.applyTo (Var.java:705)
    clojure.core$apply.invokeStatic (core.clj:667)
    clojure.main$main_opt.invokeStatic (main.clj:514)
    clojure.main$main_opt.invoke (main.clj:510)
    clojure.main$main.invokeStatic (main.clj:664)
    clojure.main$main.doInvoke (main.clj:616)
    clojure.lang.RestFn.applyTo (RestFn.java:137)
    clojure.lang.Var.applyTo (Var.java:705)
    clojure.main.main (main.java:40)

Ran 5 tests containing 26 assertions.
0 failures, 1 errors.
