AGG-single-kl-reduction stale test-registry-7c20e8379cab6701951f27cf052d332a624f5fea49f107ff20f63938102299fb
EV-uniform-run-record current test-registry-d66d73e7c7ee1e70a633728b9ea82bb812f886240dea01ad059d2d0a861280bf
LF-certificate-witness-checker unverifiable test-registry-c52af2af5c2a5164f2ecc2be85cf0296b72dfec31f4b3a3eeb269a1a51ee94f6
OPS-ordinary-run/click stale test-registry-4eebcf94553ffb79d0b52353d133ec1ee682929b991084a0ecfe9193c37785c4
T8-dismissal-integration current test-registry-4fc6a7eb174f64a25ebdda8052a8587d03378aec1c63e71c447110f779432229
WIRE-f-on-tick stale test-registry-1ef986623fd9683af9ec1f6d3ca2840bffe5f1df3d621962405bdc06a610b5ce
WIRE-habit-accumulate current test-registry-90f10b53e608e8ff872ee44547de7c449c7e86e4421271c125cdc78fd9b8334a
WIRE-habit-read current test-registry-1531aee4a1985b9089a76d09c04d3a3c427a715f2ba8b24afcc5b9151cbe8c29
WIRE-live-c unverifiable test-registry-68eb8fbdf1ac88a61ce021d5870bebfb71b340e5cbecef7c104a92e858c39989
WM-01-carrier-contract unverifiable test-registry-73bb30ae5375d4f4c6865c01d91af85e985251f20feaf573587e45591ad2e02e
WM-01-numerical-operations current test-registry-9274f72ffcbda764709b62898c02d7a083afbf66cabc70ca2235a48f1c76086d
WM-04-machinery unverifiable test-registry-0bcd621ffb9d79815de40b2d31f797e0ae7f5ff5afad5201125fa75cc0cbec0f
WM-04-observation-contract unverifiable test-registry-f0e518f10ca79318e6175b1cdb7d3e7bf6c85ea2e35f3542158357a361f5d04b
WM-07-delivery unverifiable test-registry-16a4c8315a4f534b7ef7676eefd7fd4fd8cb380f8c60837a28619b3d4be338ca
WM-08-failure-classification unverifiable test-registry-cb038eec76183b9b2f9d9d0af3475864fbb09c7635737a577f9a5333d071b5ee
WM-09-predecessor-history unverifiable test-registry-c075d3d723ba11975e1ee11ddf9f7dae00cd18433028c582e1884e5448e0f5cf
repair-store/dismiss-unexecuted current test-registry-108e2264e772dd152ec6ea14e0bac0e02ff63584f6d4357d484c338fcf0a3f65
test-registry/canonical-environment stale test-registry-0bd83851e1a42d3179048e558e55423b31988615bbf807ee15d8f3a921d3bf08
test-registry/read-endpoints unverifiable test-registry-53d40f7b96a8346b3b43af3fe455e76e5cd456a39412c90212663ea026a18346
test-registry/scoped-stability stale test-registry-04e41efff20272519b4a59d1168a372c4800f5728362644195aa4dfc86b560fc
test-registry/validation-cli stale test-registry-13f52fc77768ff4453d68593598d04d99d4ac98fcf252ab60af1bdf6283192a7
SUMMARY {:current 6, :stale 6, :subjects 21, :unverifiable 9}
