
Running tests in #{"test"}

Testing futon2.aif.scan-report-runner-test
[wm-full-loop] REFUSING: serving runner source drifts from /home/joe/code/futon2/src/futon2/aif/full_loop_runner.clj; reload the namespace from the canonical checkout before running attempts.

ERROR in (click-retains-the-selected-scan-even-if-renderer-fails) (full_loop_runner.clj:501)
Uncaught exception, not in assertion.
expected: nil
  actual: clojure.lang.ExceptionInfo: Serving runner source drifts from the canonical checkout
{:outcome :build-failed, :failure-kind :stale-runner-source, :failure-stage :runner-source, :runner/source #:runner{:source-check :drift, :loaded-sha256 "14cf9338fb975fe0f6a539675347c36efb0986511ab02ff61806e84d43b645a1", :canonical-sha256 "6d0744df17773b1c61a103d87067d1deae272c20a3f554ac14bf3006dd55b302"}}
 at futon2.aif.full_loop_runner$refuse_on_runner_source_drift_BANG_.invokeStatic (full_loop_runner.clj:501)
    futon2.aif.full_loop_runner$refuse_on_runner_source_drift_BANG_.invoke (full_loop_runner.clj:489)
    futon2.aif.full_loop_runner$run_opportunity_BANG_.invokeStatic (full_loop_runner.clj:4747)
    futon2.aif.full_loop_runner$run_opportunity_BANG_.invoke (full_loop_runner.clj:4723)
    futon2.aif.scan_report_runner_test$fn__26801$fn__26821.invoke (scan_report_runner_test.clj:41)
    clojure.core$with_redefs_fn.invokeStatic (core.clj:7582)
    clojure.core$with_redefs_fn.invoke (core.clj:7566)
    futon2.aif.scan_report_runner_test$fn__26801.invokeStatic (scan_report_runner_test.clj:35)
    futon2.aif.scan_report_runner_test/fn (scan_report_runner_test.clj:16)
    clojure.test$test_var$fn__9856.invoke (test.clj:717)
    clojure.test$test_var.invokeStatic (test.clj:717)
    clojure.test$test_var.invoke (test.clj:708)
    clojure.test$test_vars$fn__9882$fn__9887.invoke (test.clj:735)
    futon2.aif.scan_report_runner_test$eval26796$fn__26797.invoke (scan_report_runner_test.clj:14)
    clojure.test$compose_fixtures$fn__9850$fn__9851.invoke (test.clj:694)
    clojure.test$default_fixture.invokeStatic (test.clj:687)
    clojure.test$default_fixture.invoke (test.clj:683)
    clojure.test$compose_fixtures$fn__9850.invoke (test.clj:694)
    clojure.test$test_vars$fn__9882.invoke (test.clj:735)
    clojure.core$with_redefs_fn.invokeStatic (core.clj:7582)
    clojure.core$with_redefs_fn.invoke (core.clj:7566)
    futon2.aif.full_loop_runner_test$with_hermetic_traces.invokeStatic (full_loop_runner_test.clj:35)
    futon2.aif.full_loop_runner_test$with_hermetic_traces.invoke (full_loop_runner_test.clj:27)
    clojure.test$compose_fixtures$fn__9850$fn__9851.invoke (test.clj:694)
    futon2.aif.hermetic_repair_fixture$with_hermetic_stores$fn__20890.invoke (hermetic_repair_fixture.clj:37)
    clojure.core$with_redefs_fn.invokeStatic (core.clj:7582)
    clojure.core$with_redefs_fn.invoke (core.clj:7566)
    futon2.aif.hermetic_repair_fixture$with_hermetic_stores.invokeStatic (hermetic_repair_fixture.clj:35)
    futon2.aif.hermetic_repair_fixture$with_hermetic_stores.invoke (hermetic_repair_fixture.clj:26)
    clojure.test$compose_fixtures$fn__9850$fn__9851.invoke (test.clj:694)
    clojure.test$default_fixture.invokeStatic (test.clj:687)
    clojure.test$default_fixture.invoke (test.clj:683)
    clojure.test$compose_fixtures$fn__9850.invoke (test.clj:694)
    clojure.test$compose_fixtures$fn__9850.invoke (test.clj:694)
    clojure.test$test_vars.invokeStatic (test.clj:731)
    clojure.test$test_all_vars.invokeStatic (test.clj:737)
    clojure.test$test_ns.invokeStatic (test.clj:758)
    clojure.test$test_ns.invoke (test.clj:743)
    clojure.core$map$fn__5935.invoke (core.clj:2772)
    clojure.lang.LazySeq.sval (LazySeq.java:42)
    clojure.lang.LazySeq.seq (LazySeq.java:51)
    clojure.lang.Cons.next (Cons.java:39)
    clojure.lang.RT.boundedLength (RT.java:1790)
    clojure.lang.RestFn.applyTo (RestFn.java:130)
    clojure.core$apply.invokeStatic (core.clj:669)
    clojure.test$run_tests.invokeStatic (test.clj:768)
    clojure.test$run_tests.doInvoke (test.clj:768)
    clojure.lang.RestFn.applyTo (RestFn.java:137)
    clojure.core$apply.invokeStatic (core.clj:667)
    clojure.core$apply.invoke (core.clj:662)
    cognitect.test_runner$test.invokeStatic (test_runner.clj:74)
    cognitect.test_runner$test.invoke (test_runner.clj:62)
    cognitect.test_runner$_main.invokeStatic (test_runner.clj:127)
    cognitect.test_runner$_main.doInvoke (test_runner.clj:115)
    clojure.lang.RestFn.applyTo (RestFn.java:137)
    clojure.lang.Var.applyTo (Var.java:705)
    clojure.core$apply.invokeStatic (core.clj:667)
    clojure.main$main_opt.invokeStatic (main.clj:514)
    clojure.main$main_opt.invoke (main.clj:510)
    clojure.main$main.invokeStatic (main.clj:664)
    clojure.main$main.doInvoke (main.clj:616)
    clojure.lang.RestFn.applyTo (RestFn.java:137)
    clojure.lang.Var.applyTo (Var.java:705)
    clojure.main.main (main.java:40)

Ran 1 tests containing 4 assertions.
0 failures, 1 errors.
