.lake/build/ir/DarkTower/WarMachine/MachineModelSpec.c
.lake/build/ir/DarkTower/WarMachine/Row16ForwardModelAxiomCheck.c.hash
.lake/build/ir/DarkTower/WarMachine/MachineParameters.c
.lake/build/ir/DarkTower/WarMachine/Row16ForwardModelAxiomCheck.c
.lake/build/ir/DarkTower/WarMachine/MachineBeliefDistribution.c.hash
.lake/build/ir/DarkTower/WarMachine/FloatCarriedRowCorrespondence.setup.json
.lake/build/ir/DarkTower/WarMachine/Row16ForwardModelAxiomCheck.setup.json
.lake/build/ir/DarkTower/WarMachine/FloatCarriedRowCorrespondence.c.hash
.lake/build/ir/DarkTower/WarMachine/MachineParameters.setup.json
.lake/build/ir/DarkTower/WarMachine/MachineModelSpec.setup.json
.lake/build/ir/DarkTower/WarMachine/MachineBeliefDistribution.setup.json
.lake/build/ir/DarkTower/WarMachine/MachineParameters.c.hash
.lake/build/ir/DarkTower/WarMachine/MachinePredictiveOutcome.c.hash
.lake/build/ir/DarkTower/WarMachine/MachinePreferenceDistribution.setup.json
.lake/build/ir/DarkTower/WarMachine/MachineBeliefDistribution.c
.lake/build/ir/DarkTower/WarMachine/MachineForwardModelWitness.c
.lake/build/ir/DarkTower/WarMachine/MachinePreferenceDistribution.c.hash
.lake/build/ir/DarkTower/WarMachine/MachineForwardModelWitness.c.hash
.lake/build/ir/DarkTower/WarMachine/MachinePredictiveOutcome.setup.json
.lake/build/ir/DarkTower/WarMachine/MachinePreferenceDistribution.c
.lake/build/ir/DarkTower/WarMachine/MachineForwardModelWitness.setup.json
.lake/build/ir/DarkTower/WarMachine/MachinePredictiveOutcome.c
.lake/build/ir/DarkTower/WarMachine/FloatCarriedRowCorrespondence.c
.lake/build/ir/DarkTower/WarMachine/MachineModelSpec.c.hash
.lake/build/lib/lean/DarkTower/WarMachine/FloatCarriedRowCorrespondence.olean
.lake/build/lib/lean/DarkTower/WarMachine/MachinePreferenceDistribution.trace
.lake/build/lib/lean/DarkTower/WarMachine/MachineModelSpec.olean
.lake/build/lib/lean/DarkTower/WarMachine/MachineForwardModelWitness.olean.hash
.lake/build/lib/lean/DarkTower/WarMachine/MachinePredictiveOutcome.trace
.lake/build/lib/lean/DarkTower/WarMachine/MachinePreferenceDistribution.olean.hash
.lake/build/lib/lean/DarkTower/WarMachine/FloatCarriedRowCorrespondence.trace
.lake/build/lib/lean/DarkTower/WarMachine/MachinePredictiveOutcome.olean
.lake/build/lib/lean/DarkTower/WarMachine/MachineModelSpec.ilean
.lake/build/lib/lean/DarkTower/WarMachine/MachineParameters.trace
.lake/build/lib/lean/DarkTower/WarMachine/MachineModelSpec.trace
.lake/build/lib/lean/DarkTower/WarMachine/MachineForwardModelWitness.trace
.lake/build/lib/lean/DarkTower/WarMachine/MachineBeliefDistribution.trace
.lake/build/lib/lean/DarkTower/WarMachine/Row16ForwardModelAxiomCheck.ilean.hash
.lake/build/lib/lean/DarkTower/WarMachine/MachinePredictiveOutcome.olean.hash
.lake/build/lib/lean/DarkTower/WarMachine/MachineParameters.olean.hash
.lake/build/lib/lean/DarkTower/WarMachine/MachineBeliefDistribution.olean.hash
.lake/build/lib/lean/DarkTower/WarMachine/Row16ForwardModelAxiomCheck.olean
.lake/build/lib/lean/DarkTower/WarMachine/FloatCarriedRowCorrespondence.ilean.hash
.lake/build/lib/lean/DarkTower/WarMachine/MachinePreferenceDistribution.olean
.lake/build/lib/lean/DarkTower/WarMachine/MachineParameters.ilean
.lake/build/lib/lean/DarkTower/WarMachine/MachineForwardModelWitness.ilean
.lake/build/lib/lean/DarkTower/WarMachine/MachinePreferenceDistribution.ilean.hash
.lake/build/lib/lean/DarkTower/WarMachine/MachineForwardModelWitness.ilean.hash
.lake/build/lib/lean/DarkTower/WarMachine/FloatCarriedRowCorrespondence.olean.hash
.lake/build/lib/lean/DarkTower/WarMachine/MachineBeliefDistribution.ilean.hash
.lake/build/lib/lean/DarkTower/WarMachine/MachinePredictiveOutcome.ilean
.lake/build/lib/lean/DarkTower/WarMachine/FloatCarriedRowCorrespondence.ilean
.lake/build/lib/lean/DarkTower/WarMachine/Row16ForwardModelAxiomCheck.ilean
.lake/build/lib/lean/DarkTower/WarMachine/MachineBeliefDistribution.ilean
.lake/build/lib/lean/DarkTower/WarMachine/MachineParameters.ilean.hash
.lake/build/lib/lean/DarkTower/WarMachine/Row16ForwardModelAxiomCheck.olean.hash
.lake/build/lib/lean/DarkTower/WarMachine/MachineModelSpec.ilean.hash
.lake/build/lib/lean/DarkTower/WarMachine/Row16ForwardModelAxiomCheck.trace
.lake/build/lib/lean/DarkTower/WarMachine/MachineBeliefDistribution.olean
.lake/build/lib/lean/DarkTower/WarMachine/MachinePredictiveOutcome.ilean.hash
.lake/build/lib/lean/DarkTower/WarMachine/MachineParameters.olean
.lake/build/lib/lean/DarkTower/WarMachine/MachineForwardModelWitness.olean
.lake/build/lib/lean/DarkTower/WarMachine/MachinePreferenceDistribution.ilean
.lake/build/lib/lean/DarkTower/WarMachine/MachineModelSpec.olean.hash
