ℹ [2702/2706] Replayed DarkTower.WarMachine.CascadeOrder
info: DarkTower/WarMachine/CascadeOrder.lean:143:0: 'attempt001_2026_07_14_two_cycle_is_refused' depends on axioms: [propext]
info: DarkTower/WarMachine/CascadeOrder.lean:144:0: 'dropping_reverse_edge_is_acyclic_but_not_a_semilattice' depends on axioms: [propext]
info: DarkTower/WarMachine/CascadeOrder.lean:145:0: 'attempt008_2026_07_16_descent_is_accepted' depends on axioms: [propext]
⚠ [2704/2706] Replayed DarkTower.WarMachine.Holes
warning: DarkTower/WarMachine/Holes.lean:157:4: declaration uses `sorry`
warning: DarkTower/WarMachine/Holes.lean:999:4: declaration uses `sorry`
warning: DarkTower/WarMachine/Holes.lean:7403:4: declaration uses `sorry`
warning: DarkTower/WarMachine/Holes.lean:7426:4: declaration uses `sorry`
warning: DarkTower/WarMachine/Holes.lean:7437:4: declaration uses `sorry`
warning: DarkTower/WarMachine/Holes.lean:7965:4: declaration uses `sorry`
warning: DarkTower/WarMachine/Holes.lean:7968:4: declaration uses `sorry`
warning: DarkTower/WarMachine/Holes.lean:7971:4: declaration uses `sorry`
warning: DarkTower/WarMachine/Holes.lean:7974:4: declaration uses `sorry`
✖ [2706/2706] Building DarkTower.WarMachine.MachineModelSpec (1.5s)
trace: .> LEAN_PATH=/tmp/wm-float-carrier-u567g4by/.lake/packages/Cli/.lake/build/lib/lean:/tmp/wm-float-carrier-u567g4by/.lake/packages/batteries/.lake/build/lib/lean:/tmp/wm-float-carrier-u567g4by/.lake/packages/Qq/.lake/build/lib/lean:/tmp/wm-float-carrier-u567g4by/.lake/packages/aesop/.lake/build/lib/lean:/tmp/wm-float-carrier-u567g4by/.lake/packages/proofwidgets/.lake/build/lib/lean:/tmp/wm-float-carrier-u567g4by/.lake/packages/importGraph/.lake/build/lib/lean:/tmp/wm-float-carrier-u567g4by/.lake/packages/LeanSearchClient/.lake/build/lib/lean:/tmp/wm-float-carrier-u567g4by/.lake/packages/plausible/.lake/build/lib/lean:/tmp/wm-float-carrier-u567g4by/.lake/build/lib/lean /home/joe/.elan/toolchains/leanprover--lean4---v4.31.0-rc1/bin/lean /tmp/wm-float-carrier-u567g4by/DarkTower/WarMachine/MachineModelSpec.lean -o /tmp/wm-float-carrier-u567g4by/.lake/build/lib/lean/DarkTower/WarMachine/MachineModelSpec.olean -i /tmp/wm-float-carrier-u567g4by/.lake/build/lib/lean/DarkTower/WarMachine/MachineModelSpec.ilean -c /tmp/wm-float-carrier-u567g4by/.lake/build/ir/DarkTower/WarMachine/MachineModelSpec.c --setup /tmp/wm-float-carrier-u567g4by/.lake/build/ir/DarkTower/WarMachine/MachineModelSpec.setup.json --json
error: DarkTower/WarMachine/MachineModelSpec.lean:144:21: mod_cast has type
  (List.map r.mass r.support).sum = 1
but is expected to have type
  (List.map (fun o => ↑(r.mass o)) r.support).sum = 1
error: Lean exited with code 1
Some required targets logged failures:
- DarkTower.WarMachine.MachineModelSpec
