WARNING: Use of :paths external to the project has been deprecated, please remove: /tmp/d-task-baseline-sczhohwq
[wm-full-loop] REFUSING: serving runner source drifts from /home/joe/code/futon2/src/futon2/aif/full_loop_runner.clj; reload the namespace from the canonical checkout before running attempts.

ERROR in (terminal-recovery-job-transitions-to-machine-repair) (full_loop_runner.clj:492)
Uncaught exception, not in assertion.
expected: nil
  actual: clojure.lang.ExceptionInfo: Serving runner source drifts from the canonical checkout
{:outcome :build-failed, :failure-kind :stale-runner-source, :failure-stage :runner-source, :runner/source #:runner{:source-check :drift, :loaded-sha256 "feb72603b319607b24726f8d764306fe2c3e3000ed8c7274ba430b3601902991", :canonical-sha256 "d8b9f610addcf1316023df56358d3cb710f93a93d07df73f103bb166418ae90a"}}
 at futon2.aif.full_loop_runner$refuse_on_runner_source_drift_BANG_.invokeStatic (full_loop_runner.clj:492)
    futon2.aif.full_loop_runner$refuse_on_runner_source_drift_BANG_.invoke (full_loop_runner.clj:480)
    futon2.aif.full_loop_runner$run_opportunity_BANG_.invokeStatic (full_loop_runner.clj:4846)
    futon2.aif.full_loop_runner$run_opportunity_BANG_.invoke (full_loop_runner.clj:4824)
    futon2.aif.full_loop_runner_test$fn__20598.invokeStatic (full_loop_runner_test.clj:3300)
    futon2.aif.full_loop_runner_test/fn (full_loop_runner_test.clj:3291)
    clojure.test$test_var$fn__9856.invoke (test.clj:717)
    clojure.test$test_var.invokeStatic (test.clj:717)
    clojure.test$test_var.invoke (test.clj:708)
    clojure.test$test_vars$fn__9882$fn__9887.invoke (test.clj:735)
    futon2.aif.full_loop_runner_test$without_live_wm_status.invokeStatic (full_loop_runner_test.clj:50)
    futon2.aif.full_loop_runner_test$without_live_wm_status.invoke (full_loop_runner_test.clj:43)
    clojure.test$compose_fixtures$fn__9850$fn__9851.invoke (test.clj:694)
    futon2.aif.full_loop_runner_test$with_field_desk_stub$fn__17426.invoke (full_loop_runner_test.clj:58)
    clojure.core$with_redefs_fn.invokeStatic (core.clj:7582)
    clojure.core$with_redefs_fn.invoke (core.clj:7566)
    futon2.aif.full_loop_runner_test$with_field_desk_stub.invokeStatic (full_loop_runner_test.clj:54)
    futon2.aif.full_loop_runner_test$with_field_desk_stub.invoke (full_loop_runner_test.clj:52)
    clojure.test$compose_fixtures$fn__9850$fn__9851.invoke (test.clj:694)
    clojure.test$default_fixture.invokeStatic (test.clj:687)
    clojure.test$default_fixture.invoke (test.clj:683)
    clojure.test$compose_fixtures$fn__9850.invoke (test.clj:694)
    clojure.test$compose_fixtures$fn__9850.invoke (test.clj:694)
    clojure.test$test_vars$fn__9882.invoke (test.clj:735)
    clojure.core$with_redefs_fn.invokeStatic (core.clj:7582)
    clojure.core$with_redefs_fn.invoke (core.clj:7566)
    futon2.aif.full_loop_runner_test$with_hermetic_traces.invokeStatic (full_loop_runner_test.clj:34)
    futon2.aif.full_loop_runner_test$with_hermetic_traces.invoke (full_loop_runner_test.clj:26)
    clojure.test$compose_fixtures$fn__9850$fn__9851.invoke (test.clj:694)
    futon2.aif.hermetic_repair_fixture$with_hermetic_stores$fn__17388.invoke (hermetic_repair_fixture.clj:37)
    clojure.core$with_redefs_fn.invokeStatic (core.clj:7582)
    clojure.core$with_redefs_fn.invoke (core.clj:7566)
    futon2.aif.hermetic_repair_fixture$with_hermetic_stores.invokeStatic (hermetic_repair_fixture.clj:35)
    futon2.aif.hermetic_repair_fixture$with_hermetic_stores.invoke (hermetic_repair_fixture.clj:26)
    clojure.test$compose_fixtures$fn__9850$fn__9851.invoke (test.clj:694)
    clojure.test$default_fixture.invokeStatic (test.clj:687)
    clojure.test$default_fixture.invoke (test.clj:683)
    clojure.test$compose_fixtures$fn__9850.invoke (test.clj:694)
    clojure.test$compose_fixtures$fn__9850.invoke (test.clj:694)
    clojure.test$test_vars.invokeStatic (test.clj:731)
    clojure.test$test_vars.invoke (test.clj:723)
    user$eval22652.invokeStatic (NO_SOURCE_FILE:1)
    user$eval22652.invoke (NO_SOURCE_FILE:1)
    clojure.lang.Compiler.eval (Compiler.java:7194)
    clojure.lang.Compiler.eval (Compiler.java:7149)
    clojure.core$eval.invokeStatic (core.clj:3215)
    clojure.main$eval_opt.invokeStatic (main.clj:488)
    clojure.main$eval_opt.invoke (main.clj:482)
    clojure.main$initialize.invokeStatic (main.clj:508)
    clojure.main$null_opt.invokeStatic (main.clj:542)
    clojure.main$null_opt.invoke (main.clj:539)
    clojure.main$main.invokeStatic (main.clj:664)
    clojure.main$main.doInvo[wm-full-loop] REFUSING: serving runner source drifts from /home/joe/code/futon2/src/futon2/aif/full_loop_runner.clj; reload the namespace from the canonical checkout before running attempts.
ke (main.clj:616)
    clojure.lang.RestFn.applyTo (RestFn.java:137)
    clojure.lang.Var.applyTo (Var.java:705)
    clojure.main.main (main.java:40)

ERROR in (historical-verification-action-commits-without-author-dispatch) (full_loop_runner.clj:492)
Uncaught exception, not in assertion.
expected: nil
  actual: clojure.lang.ExceptionInfo: Serving runner source drifts from the canonical checkout
{:outcome :build-failed, :failure-kind :stale-runner-source, :failure-stage :runner-source, :runner/source #:runner{:source-check :drift, :loaded-sha256 "feb72603b319607b24726f8d764306fe2c3e3000ed8c7274ba430b3601902991", :canonical-sha256 "d8b9f610addcf1316023df56358d3cb710f93a93d07df73f103bb166418ae90a"}}
 at futon2.aif.full_loop_runner$refuse_on_runner_source_drift_BANG_.invokeStatic (full_loop_runner.clj:492)
    futon2.aif.full_loop_runner$refuse_on_runner_source_drift_BANG_.invoke (full_loop_runner.clj:480)
    futon2.aif.full_loop_runner$run_opportunity_BANG_.invokeStatic (full_loop_runner.clj:4846)
    futon2.aif.full_loop_runner$run_opportunity_BANG_.invoke (full_loop_runner.clj:4824)
    futon2.aif.full_loop_runner_test$fn__21686.invokeStatic (full_loop_runner_test.clj:4555)
    futon2.aif.full_loop_runner_test/fn (full_loop_runner_test.clj:4537)
    clojure.test$test_var$fn__9856.invoke (test.clj:717)
    clojure.test$test_var.invokeStatic (test.clj:717)
    clojure.test$test_var.invoke (test.clj:708)
    clojure.test$test_vars$fn__9882$fn__9887.invoke (test.clj:735)
    futon2.aif.full_loop_runner_test$without_live_wm_status.invokeStatic (full_loop_runner_test.clj:50)
    futon2.aif.full_loop_runner_test$without_live_wm_status.invoke (full_loop_runner_test.clj:43)
    clojure.test$compose_fixtures$fn__9850$fn__9851.invoke (test.clj:694)
    futon2.aif.full_loop_runner_test$with_field_desk_stub$fn__17426.invoke (full_loop_runner_test.clj:58)
    clojure.core$with_redefs_fn.invokeStatic (core.clj:7582)
    clojure.core$with_redefs_fn.invoke (core.clj:7566)
    futon2.aif.full_loop_runner_test$with_field_desk_stub.invokeStatic (full_loop_runner_test.clj:54)
    futon2.aif.full_loop_runner_test$with_field_desk_stub.invoke (full_loop_runner_test.clj:52)
    clojure.test$compose_fixtures$fn__9850$fn__9851.invoke (test.clj:694)
    clojure.test$default_fixture.invokeStatic (test.clj:687)
    clojure.test$default_fixture.invoke (test.clj:683)
    clojure.test$compose_fixtures$fn__9850.invoke (test.clj:694)
    clojure.test$compose_fixtures$fn__9850.invoke (test.clj:694)
    clojure.test$test_vars$fn__9882.invoke (test.clj:735)
    clojure.core$with_redefs_fn.invokeStatic (core.clj:7582)
    clojure.core$with_redefs_fn.invoke (core.clj:7566)
    futon2.aif.full_loop_runner_test$with_hermetic_traces.invokeStatic (full_loop_runner_test.clj:34)
    futon2.aif.full_loop_runner_test$with_hermetic_traces.invoke (full_loop_runner_test.clj:26)
    clojure.test$compose_fixtures$fn__9850$fn__9851.invoke (test.clj:694)
    futon2.aif.hermetic_repair_fixture$with_hermetic_stores$fn__17388.invoke (hermetic_repair_fixture.clj:37)
    clojure.core$with_redefs_fn.invokeStatic (core.clj:7582)
    clojure.core$with_redefs_fn.invoke (core.clj:7566)
    futon2.aif.hermetic_repair_fixture$with_hermetic_stores.invokeStatic (hermetic_repair_fixture.clj:35)
    futon2.aif.hermetic_repair_fixture$with_hermetic_stores.invoke (hermetic_repair_fixture.clj:26)
    clojure.test$compose_fixtures$fn__9850$fn__9851.invoke (test.clj:694)
    clojure.test$default_fixture.invokeStatic (test.clj:687)
    clojure.test$default_fixture.invoke (test.clj:683)
    clojure.test$compose_fixtures$fn__9850.invoke (test.clj:694)
    clojure.test$compose_fixtures$fn__9850.invoke (test.clj:694)
    clojure.test$test_vars.invokeStatic (test.clj:731)
    clojure.test$test_vars.invoke (test.clj:723)
    user$eval22652.invokeStatic (NO_SOURCE_FILE:1)
    user$eval22652.invoke (NO_SOURCE_FILE:1)
    clojure.lang.Compiler.eval (Compiler.java:7194)
    clojure.lang.Compiler.eval (Compiler.java:7149)
    clojure.core$eval.invokeStatic (core.clj:3215)
    clojure.main$eval_opt.invokeStatic (main.clj:488)
    clojure.main$eval_opt.invoke (main.clj:482)
    clojure.main$initialize.invokeStatic (main.clj:508)
    clojure.main$null_opt.invokeStatic (main.clj:542)
    clojure.main$null_opt.invoke (main.clj:539)
    clojure.main$main.invokeStatic (main.clj:664)
    clojure.main$main.doInvoke (main.clj:616)
    clojure.lang.RestFn.applyTo (RestFn.java:137)
    clojure.lang.Var.applyTo (Var.java:705)
    clojure.main.main (main.java:40)
{:test 2, :pass 2, :fail 0, :error 2}
