  ActGateNegative.lean ... exit 0 (1479 ms)
  AlivenessNegative.lean ... exit 0 (1470 ms)
  AmbiguityWitness.lean ... exit 0 (1600 ms)
  BayesFactorThresholdNegative.lean ... exit 0 (1609 ms)
  BayesFactorThresholdWitness.lean ... exit 0 (1615 ms)
  BayesianModelReductionNegative.lean ... exit 0 (1647 ms)
  BayesianModelReductionWitness.lean ... exit 0 (1615 ms)
  BeliefStateWitness.lean ... exit 0 (1614 ms)
  BeliefUpdateFalsifier.lean ... exit 0 (1718 ms)
  CascadeOrder.lean ... exit 0 (460 ms)
  ChannelWitness.lean ... exit 0 (1493 ms)
  CohortNegative.lean ... exit 0 (1541 ms)
  CommitmentTemperature.lean ... exit 0 (476 ms)
  ContractEmitter.lean ... exit 0 (496 ms)
  ControlVocabularyNegative.lean ... exit 0 (1599 ms)
  CoverageReport.lean ... exit 0 (561 ms)
  DirichletConcentrationsEmptyNegative.lean ... exit 0 (1514 ms)
  DirichletConcentrationsNegative.lean ... exit 0 (1753 ms)
  DirichletConcentrationsWitness.lean ... exit 0 (1689 ms)
  DirichletConcentrationsZeroNegative.lean ... exit 0 (1657 ms)
  ExpectedFreeEnergyWitness.lean ... exit 0 (1641 ms)
  ExpectedInformationGainWitness.lean ... exit 0 (1846 ms)
  FoldEscrowRecordWitness.lean ... exit 0 (1640 ms)
  FoldNegative.lean ... exit 0 (1677 ms)
  FoldWitness.lean ... exit 0 (1636 ms)
  GainChain.lean ... exit 0 (566 ms)
  GenerativeModelNegative.lean ... exit 0 (1672 ms)
  GenerativeModelWitness.lean ... exit 0 (1600 ms)
  HaveWantArrowNegative.lean ... exit 0 (1555 ms)
  HaveWantArrowWitness.lean ... exit 0 (1536 ms)
  Holes.lean ... exit 0 (5235 ms)
  LogMultivariateBetaWitness.lean ... exit 0 (1662 ms)
  MachineBeliefState.lean ... exit 0 (1600 ms)
  MachineBeliefStateWitness.lean ... exit 0 (1750 ms)
  MachineBeliefUpdate.lean ... exit 0 (1740 ms)
  MachineBeliefUpdateWitness.lean ... exit 0 (1675 ms)
  MachineDepth.lean ... exit 0 (2947 ms)
  MachineDepthWitness.lean ... exit 0 (2918 ms)
  MachineObservation.lean ... exit 0 (1707 ms)
  MachineObservationWitness.lean ... exit 0 (1664 ms)
  MachinePolicyFreeEnergy.lean ... exit 0 (1826 ms)
  MachinePolicyFreeEnergyWitness.lean ... exit 0 (1779 ms)
  MachinePrecision.lean ... exit 0 (1959 ms)
  MachinePrecisionWitness.lean ... exit 0 (1839 ms)
  MachinePredictionError.lean ... exit 0 (2221 ms)
  MachinePredictionErrorWitness.lean ... exit 0 (1841 ms)
  MachineQ.lean ... exit 0 (1737 ms)
  MachineQWitness.lean ... exit 0 (2003 ms)
  MachineTemperature.lean ... exit 0 (3086 ms)
  MachineTemperatureWitness.lean ... exit 0 (2931 ms)
  MachineVocabularyWitness.lean ... exit 0 (1748 ms)
  ModelReductionFreeEnergyChangeTypeNegative.lean ... exit 0 (1669 ms)
  ModelReductionFreeEnergyChangeValueNegative.lean ... exit 0 (1694 ms)
  ModelReductionFreeEnergyChangeWitness.lean ... exit 0 (1758 ms)
  ModelUncertaintyEIGCollapsedNegative.lean ... exit 0 (1667 ms)
  ObservationKernelWitness.lean ... exit 0 (1579 ms)
  ObservationVectorOutcomeNegative.lean ... exit 0 (1711 ms)
  ObservationVectorPartialNegative.lean ... exit 0 (1619 ms)
  ObservationVectorWitness.lean ... exit 0 (1640 ms)
  ParameterPosteriorKernelOutcomeNegative.lean ... exit 0 (1597 ms)
  ParameterPosteriorKernelPriorNegative.lean ... exit 0 (1565 ms)
  ParameterPosteriorKernelWitness.lean ... exit 0 (1593 ms)
  ParameterPriorKernelHabitNegative.lean ... exit 0 (1624 ms)
  ParameterPriorKernelOutcomeNegative.lean ... exit 0 (1587 ms)
  ParameterPriorKernelWitness.lean ... exit 0 (1593 ms)
  PolicyGrade.lean ... exit 0 (469 ms)
  PolicyPriorKernelNegative.lean ... exit 0 (1615 ms)
  PolicyPriorKernelWitness.lean ... exit 0 (1697 ms)
  PrecisionNegative.lean ... exit 0 (1599 ms)
  PrecisionWitness.lean ... exit 0 (1710 ms)
  PredictionErrorNegative.lean ... exit 0 (1560 ms)
  PredictionErrorWitness.lean ... exit 0 (1614 ms)
  PredictiveOutcomeKernelSoftmaxNegative.lean ... exit 0 (1694 ms)
  PredictiveOutcomeKernelUnconditionalNegative.lean ... exit 0 (1643 ms)
  PredictiveOutcomeKernelWitness.lean ... exit 0 (1635 ms)
  PredictiveOutcomeRiskWitness.lean ... exit 0 (1679 ms)
  PreferenceDistributionConditioningNegative.lean ... exit 0 (1590 ms)
  PreferenceDistributionPragmaticCostNegative.lean ... exit 0 (1573 ms)
  PreferenceDistributionWitness.lean ... exit 0 (1621 ms)
  Run4Preregistration.lean ... exit 0 (1779 ms)
  SoftmaxNegative.lean ... exit 0 (1681 ms)
  SoftmaxWitness.lean ... exit 0 (1633 ms)
  TransitionKernelBetaNegative.lean ... exit 0 (1676 ms)
  TransitionKernelUncontrolledNegative.lean ... exit 0 (1637 ms)
  TransitionKernelWitness.lean ... exit 0 (1672 ms)
  VariationalFreeEnergyNegative.lean ... exit 0 (1763 ms)
  VariationalFreeEnergyWitness.lean ... exit 0 (1813 ms)

lean_state_probe: 87 modules, 1044 declarations, 14358 source lines
lean_state_probe: type-check all-modules-elaborate-exit-zero -- 87/87 exit 0, 0 error diagnostics, 147112 ms
lean_state_probe: sorry 10 source / 10 Lean-reported (exact-by-location); axioms 0
lean_state_probe: glossary join 48/56 resolve; equation carriers 16/18 declared, 16 resolve
lean_state_probe: wrote /home/joe/code/futon2/holes/labs/wm-contract/runs/U35-lean-state/lean-state-report.edn
