
Running tests in #{"test"}

Testing futon2.aif.cascade-habit-reinforcement-runner-test
[wm-full-loop] REFUSING: serving runner source drifts from /home/joe/code/futon2/src/futon2/aif/full_loop_runner.clj; reload the namespace from the canonical checkout before running attempts.

ERROR in (grounded-close-without-comparison-does-not-reinforce) (full_loop_runner.clj:503)
Uncaught exception, not in assertion.
expected: nil
  actual: clojure.lang.ExceptionInfo: Serving runner source drifts from the canonical checkout
{:outcome :build-failed, :failure-kind :stale-runner-source, :failure-stage :runner-source, :runner/source #:runner{:source-check :drift, :loaded-sha256 "b4120795ce1b08ad9caa2643aab726a243dddc5207bda132c1337e4f1a36398c", :canonical-sha256 "14cf9338fb975fe0f6a539675347c36efb0986511ab02ff61806e84d43b645a1"}}
 at futon2.aif.full_loop_runner$refuse_on_runner_source_drift_BANG_.invokeStatic (full_loop_runner.clj:503)
    futon2.aif.full_loop_runner$refuse_on_runner_source_drift_BANG_.invoke (full_loop_runner.clj:491)
    futon2.aif.full_loop_runner$run_opportunity_BANG_.invokeStatic (full_loop_runner.clj:4756)
    futon2.aif.full_loop_runner$run_opportunity_BANG_.invoke (full_loop_runner.clj:4732)
    futon2.aif.full_loop_runner_test$run_feature_card_attempt.invokeStatic (full_loop_runner_test.clj:711)
    futon2.aif.full_loop_runner_test$run_feature_card_attempt.invoke (full_loop_runner_test.clj:605)
    clojure.lang.Var.invoke (Var.java:384)
    futon2.aif.cascade_habit_reinforcement_runner_test$fn__26678$fn__26679.invoke (cascade_habit_reinforcement_runner_test.clj:21)
    futon2.report.cascade_habit_read_test$with_store.invokeStatic (cascade_habit_read_test.clj:14)
    futon2.report.cascade_habit_read_test$with_store.invoke (cascade_habit_read_test.clj:12)
    futon2.aif.cascade_habit_reinforcement_runner_test$fn__26678.invokeStatic (cascade_habit_reinforcement_runner_test.clj:17)
    futon2.aif.cascade_habit_reinforcement_runner_test/fn (cascade_habit_reinforcement_runner_test.clj:15)
    clojure.test$test_var$fn__9856.invoke (test.clj:717)
    clojure.test$test_var.invokeStatic (test.clj:717)
    clojure.test$test_var.invoke (test.clj:708)
    clojure.test$test_vars$fn__9882$fn__9887.invoke (test.clj:735)
    futon2.aif.cascade_habit_reinforcement_runner_test$eval26674$fn__26675.invoke (cascade_habit_reinforcement_runner_test.clj:13)
    clojure.test$compose_fixtures$fn__9850$fn__9851.invoke (test.clj:694)
    clojure.test$default_fixture.invokeStatic (test.clj:687)
    clojure.test$default_fixture.invoke (test.clj:683)
    clojure.test$compose_fixtures$fn__9850.invoke (test.clj:694)
    clojure.test$test_vars$fn__9882.invoke (test.clj:735)
    clojure.core$with_redefs_fn.invokeStatic (core.clj:7582)
    clojure.core$with_redefs_fn.invoke (core.clj:7566)
    futon2.aif.full_loop_runner_test$with_hermetic_traces.invokeStatic (full_loop_runner_test.clj:35)
    futon2.aif.full_loop_runner_test$with_hermetic_traces.invoke (full_loop_runner_test.clj:27)
    clojure.test$compose_fixtures$fn__9850$fn__9851.invoke (test.clj:694)
    futon2.aif.hermetic_repair_fixture$with_hermetic_stores$fn__20942.invoke (hermetic_repair_fixture.clj:37)
    clojure.core$with_redefs_fn.invokeStatic (core.clj:7582)
    clojure.core$with_redefs_fn.invoke (core.clj:7566)
    futon2.aif.hermetic_repair_fixture$with_hermetic_stores.invokeStatic (hermetic_repair_fixture.clj:35)
    futon2.aif.hermetic_repair_fixture$with_hermetic_stores.invoke (hermetic_repair_fixture.clj:26)
    clojure.test$compose_fixtures$fn__9850$fn__9851.invoke (test.clj:694)
    clojure.test$default_fixture.invokeStatic (test.clj:687)
    clojure.test$default_fixture.invoke (test.clj:683)
    clojure.test$compose_fixtures$fn__9850.invoke (test.clj:694)
    clojure.test$compose_fixtures$fn__9850.invoke (test.clj:694)
    clojure.test$test_vars.invokeStatic (test.clj:731)
    clojure.test$test_all_vars.invokeStatic (test.clj:737)
    clojure.test$test_ns.invokeStatic (test.clj:758)
    clojure.test$test_ns.invoke (test.clj:743)
    clojure.core$map$fn__5935.invoke (core.clj:2772)
    clojure.lang.LazySeq.sval (LazySeq.java:42)
    clojure.lang.LazySeq.seq (LazySeq.java:51)
    clojure.lang.Cons.next (Cons.java:39)
    clojure.lang.RT.boundedLength (RT.java:1790)
    clojure.lang.RestFn.applyTo (RestFn.java:130)
    clojure.core$apply.invokeStatic (core.clj:669)
    clojure.test$run_tests.invokeStatic (test.clj:768)
    clojure.test$run_tests.doInvoke (test.clj:768)
    clojure.lang.RestFn.applyTo (RestFn.java:137)
    clojure.core$apply.invokeStatic (core.clj:667)
    clojure.core$apply.invoke (core.clj:662)
    cognitect.test_runner$test.invokeStatic (test_runner.clj:74)
    cognitect.test_runner$test.invoke (test_runner.clj:62)
    cognitect.test_runner$_main.invokeStatic (test_runner.clj:127)
    cognitect.test_runner$_main.doInvoke (test_runner.clj:115)
    clojure.lang.RestFn.applyTo (RestFn.java:137)
    clojure.lang.Var.applyTo (Var.java:705)
    clojure.core$apply.invokeStatic (core.clj:667)
    clojure.main$main_opt.invokeStatic (main.clj:514)
    clojure.main$main_opt.invoke (main.clj:510)
    clojure.main$main.invokeStatic (main.clj:664)
    clojure.main$main.doInvoke (main.clj:616)
    clojure.lang.RestFn.applyTo (RestFn.java:137)
    clojure.lang.Var.applyTo (Var.java:705)
    clojure.main.main (main.java:40)

Ran 1 tests containing 3 assertions.
0 failures, 1 errors.
