=== contract-pin (cwd /home/joe/code/futon2): bb /home/joe/code/futon2/checks/contract_authority_current.clj --deposit 2026-09-05-u60 
contract-authority-current --deposit: receipt holes/labs/wm-contract/runs/RE3-check-deposits/contract-pin-2026-09-05-u60.edn
run_era_ledger --deposit REFUSED: a ledger row may only point at a committed, unmodified file; this artifact is untracked
  {:defects [{:kind :deposit, :subject "holes/labs/wm-contract/runs/RE3-check-deposits/contract-pin-2026-09-05-u60.edn", :defect :artifact-untracked, :state {:state :untracked, :path "holes/labs/wm-contract/runs/RE3-check-deposits/contract-pin-2026-09-05-u60.edn"}}]}
contract-authority-current --deposit: the ledger refused the row (exit 1)
  if the refusal is artifact-untracked or artifact-dirty, commit holes/labs/wm-contract/runs/RE3-check-deposits/contract-pin-2026-09-05-u60.edn and re-run
=== contract-pin exit=1
=== flip-readiness (cwd /home/joe/code/futon2/holes/labs/wm-contract): bb /home/joe/code/futon2/holes/labs/wm-contract/flip_readiness_check.bb --deposit 2026-09-05-u60 
flip_readiness_check --deposit: receipt holes/labs/wm-contract/runs/RE3-check-deposits/flip-readiness-2026-09-05-u60.edn
run_era_ledger --deposit REFUSED: a ledger row may only point at a committed, unmodified file; this artifact is untracked
  {:defects [{:kind :deposit, :subject "holes/labs/wm-contract/runs/RE3-check-deposits/flip-readiness-2026-09-05-u60.edn", :defect :artifact-untracked, :state {:state :untracked, :path "holes/labs/wm-contract/runs/RE3-check-deposits/flip-readiness-2026-09-05-u60.edn"}}]}
flip_readiness_check --deposit: the ledger refused the row (exit 1)
  if the refusal is artifact-untracked or artifact-dirty, commit holes/labs/wm-contract/runs/RE3-check-deposits/flip-readiness-2026-09-05-u60.edn and re-run
=== flip-readiness exit=1
=== run3-conformance (cwd /home/joe/code/futon2/holes/labs/wm-contract): env FUTON_WM_TRACE_DIR=/home/joe/code/futon2/holes/labs/wm-contract/runs/2026-09-05-u60 bb /home/joe/code/futon2/holes/labs/wm-contract/run3_conformance.bb runs/2026-09-05-u60 
run3: selection by-run-id (1 receipts, 1 run ids, dates 2026-09-05)
run3: 1 records, 1 routes, 9 hops (9 distinct)
run3: :controller-score on 1/1, :f-pi-by-candidate-id on 0/1 (:present 0)
run3: ruling-unrealised          1
run3:     R5->R6
run3: excluded-dependency-grain  1
run3:     R2->R7
run3: drawn                      2
run3:     R7->R3
run3:     R8->R5
run3: route-measured             5
run3:     R12->R2
run3:     R14->TRACE
run3:     R20->R12
run3:     R3->R8
run3:     R6->R14
run3: drawn edges never traversed: 19 of 22
run3:     unfired R1->R4
run3:     unfired R10->R8
run3:     unfired R11->R16
run3:     unfired R12->R7
run3:     unfired R13->R14
run3:     unfired R14->R16
run3:     unfired R15->R13
run3:     unfired R15->R16
run3:     unfired R16->R2
run3:     unfired R2->R3
run3:     unfired R20->R7
run3:     unfired R3->R1
run3:     unfired R4->R5
run3:     unfired R5->R5
run3:     unfired R6->R11
run3:     unfired R6->R13
run3:     unfired R7->R14
run3:     unfired R7->R8
run3:     unfired R9->R16

run3: CONFORMANT -- every hop is an edge of the checked topology, and no code-retired route-grain edge was traversed
=== run3-conformance exit=0
=== run-conformance (cwd /home/joe/code/futon2/holes/labs/wm-contract): env FUTON_WM_TRACE_DIR=/home/joe/code/futon2/holes/labs/wm-contract/runs/2026-09-05-u60 U49_RUN_DIR=runs/2026-09-05-u60 U49_SLUG=step20260905u60 U49_TRACE_FILE=runs/2026-09-05-u60/wm-trace-2026-09-05.edn U49_EMIT_TABLES=0 bb /home/joe/code/futon2/holes/labs/wm-contract/u49_route_transcribe.bb --deposit 2026-09-05-u60 runs/2026-09-05-u60/u49 
u49: 1 records, 9 hops (9 distinct), verdict conformant
u49: C1-reproduces-the-pinned-verdict               PASS
u49: C2-node-names-round-trip                       PASS
u49: C3-fabricated-node-absent                      PASS
u49: C4-mutations-rejected                          PASS
u49: C5-drawn-set-differs-between-the-two-checkers  REPORTED
u49: C6-what-the-certificate-does-not-show          REPORTED
u49: C7-reused-tables-are-still-the-current-map     PASS
u49: wrote runs/2026-09-05-u60/u49
run_era_ledger --deposit REFUSED: a ledger row may only point at a committed, unmodified file; this artifact is untracked
  {:defects [{:kind :deposit, :subject "holes/labs/wm-contract/runs/2026-09-05-u60/u49/03-classification.edn", :defect :artifact-untracked, :state {:state :untracked, :path "holes/labs/wm-contract/runs/2026-09-05-u60/u49/03-classification.edn"}}]}
u49 --deposit: the ledger refused the row (exit 1)
  if the refusal is artifact-dirty, commit holes/labs/wm-contract/runs/2026-09-05-u60/u49/03-classification.edn and re-run
=== run-conformance exit=1
=== per-node-runtime-validation (cwd /home/joe/code/futon2/holes/labs/wm-contract): bb /home/joe/code/futon2/holes/labs/wm-contract/runtime_validation_check.bb --deposit 2026-09-05-u60 
runtime_validation_check --deposit: receipt holes/labs/wm-contract/runs/RE6-check-deposits/runtime-validation-2026-09-05-u60.edn
run_era_ledger --deposit REFUSED: a ledger row may only point at a committed, unmodified file; this artifact is untracked
  {:defects [{:kind :deposit, :subject "holes/labs/wm-contract/runs/RE6-check-deposits/runtime-validation-2026-09-05-u60.edn", :defect :artifact-untracked, :state {:state :untracked, :path "holes/labs/wm-contract/runs/RE6-check-deposits/runtime-validation-2026-09-05-u60.edn"}}]}
runtime_validation_check --deposit: the ledger refused the row (exit 1)
  if the refusal is artifact-untracked or artifact-dirty, commit holes/labs/wm-contract/runs/RE6-check-deposits/runtime-validation-2026-09-05-u60.edn and re-run
=== per-node-runtime-validation exit=1
=== enumeration-completeness (cwd /home/joe/code/futon2): env FUTON_WM_TRACE_DIR=/home/joe/code/futon2/holes/labs/wm-contract/runs/2026-09-05-u60 clojure -M:test holes/labs/wm-contract/u37_enumeration_replay.clj --deposit 2026-09-05-u60 
u37_enumeration_replay --deposit: receipt holes/labs/wm-contract/runs/RE6-check-deposits/enumeration-completeness-2026-09-05-u60.edn
run_era_ledger --deposit REFUSED: a ledger row may only point at a committed, unmodified file; this artifact is untracked
  {:defects [{:kind :deposit, :subject "holes/labs/wm-contract/runs/RE6-check-deposits/enumeration-completeness-2026-09-05-u60.edn", :defect :artifact-untracked, :state {:state :untracked, :path "holes/labs/wm-contract/runs/RE6-check-deposits/enumeration-completeness-2026-09-05-u60.edn"}}]}
u37_enumeration_replay --deposit: the ledger refused the row (exit 1)
  if the refusal is artifact-untracked or artifact-dirty, commit holes/labs/wm-contract/runs/RE6-check-deposits/enumeration-completeness-2026-09-05-u60.edn and re-run
=== enumeration-completeness exit=1
=== rationale-regret (cwd /home/joe/code/futon2/holes/labs/wm-contract): bb /home/joe/code/futon2/holes/labs/wm-contract/u39_selection_retrospective.bb --deposit 2026-09-05-u60 
u39_selection_retrospective --deposit: receipt holes/labs/wm-contract/runs/RE6-check-deposits/rationale-regret-2026-09-05-u60.edn
run_era_ledger --deposit REFUSED: a ledger row may only point at a committed, unmodified file; this artifact is untracked
  {:defects [{:kind :deposit, :subject "holes/labs/wm-contract/runs/RE6-check-deposits/rationale-regret-2026-09-05-u60.edn", :defect :artifact-untracked, :state {:state :untracked, :path "holes/labs/wm-contract/runs/RE6-check-deposits/rationale-regret-2026-09-05-u60.edn"}}]}
u39_selection_retrospective --deposit: the ledger refused the row (exit 1)
  if the refusal is artifact-untracked or artifact-dirty, commit holes/labs/wm-contract/runs/RE6-check-deposits/rationale-regret-2026-09-05-u60.edn and re-run
=== rationale-regret exit=1
=== tensions-cashed (cwd /home/joe/code/futon2/holes/labs/wm-contract): bb /home/joe/code/futon2/holes/labs/wm-contract/u41_tension_ledger.bb --deposit 2026-09-05-u60 
u41_tension_ledger --deposit: receipt holes/labs/wm-contract/runs/RE6-check-deposits/tensions-cashed-2026-09-05-u60.edn
run_era_ledger --deposit REFUSED: a ledger row may only point at a committed, unmodified file; this artifact is untracked
  {:defects [{:kind :deposit, :subject "holes/labs/wm-contract/runs/RE6-check-deposits/tensions-cashed-2026-09-05-u60.edn", :defect :artifact-untracked, :state {:state :untracked, :path "holes/labs/wm-contract/runs/RE6-check-deposits/tensions-cashed-2026-09-05-u60.edn"}}]}
u41_tension_ledger --deposit: the ledger refused the row (exit 1)
  if the refusal is artifact-untracked or artifact-dirty, commit holes/labs/wm-contract/runs/RE6-check-deposits/tensions-cashed-2026-09-05-u60.edn and re-run
=== tensions-cashed exit=1
=== selection-discrimination (cwd /home/joe/code/futon2/holes/labs/wm-contract): env RE7_RUN_ID=2026-09-05-u60 RE7_RATIONALE_DIR=runs/2026-09-05-u60/rationale RE7_TRACE=runs/2026-09-05-u60/wm-trace-2026-09-05.edn RE7_SLUG=step20260905u60 bb /home/joe/code/futon2/holes/labs/wm-contract/re7_selection_discrimination.bb --deposit 2026-09-05-u60 runs/RE7-selection-discrimination/2026-09-05-u60 
re7_selection_discrimination: run 2026-09-05-u60 -- 1 decisions, verdict :green (deposits as :green)
  2026-09-05T06:12:48.657300470Z  rank 1    tie 1    band [1 1]      field 146  widest plateau not holding the choice 56    :discriminating
  9 controls, 4 negative (each shown REFUSING a wrong verdict), 5 positive; all pass? true
  wrote runs/RE7-selection-discrimination/2026-09-05-u60/{00-source,01-decisions,02-plateau-census,03-controls}.edn and lean-block.lean
run_era_ledger --deposit REFUSED: a ledger row may only point at a committed, unmodified file; this artifact is untracked
  {:defects [{:kind :deposit, :subject "holes/labs/wm-contract/runs/RE7-selection-discrimination/2026-09-05-u60/01-decisions.edn", :defect :artifact-untracked, :state {:state :untracked, :path "holes/labs/wm-contract/runs/RE7-selection-discrimination/2026-09-05-u60/01-decisions.edn"}}]}
re7_selection_discrimination --deposit: the ledger refused the row (exit 1)
  if the refusal is artifact-untracked or artifact-dirty, commit holes/labs/wm-contract/runs/RE7-selection-discrimination/2026-09-05-u60/01-decisions.edn and re-run
=== selection-discrimination exit=1
